###############################################################################
#
# IAR ELF Linker V7.40.3.8902/W32 for ARM                 16/Jan/2018  14:16:22
# Copyright 2007-2015 IAR Systems AB.
#
#    Output file  =  
#        E:\Lock-GW\00007829-sdk-ameba-v4.0a\sdk-ameba-v4.0a\sdk-ameba-v4.0a\project\realtek_ameba1_va0_example\EWARM-RELEASE\Debug\Exe\application.axf
#    Map file     =  
#        E:\Lock-GW\00007829-sdk-ameba-v4.0a\sdk-ameba-v4.0a\sdk-ameba-v4.0a\project\realtek_ameba1_va0_example\EWARM-RELEASE\Debug\List\application.map
#    Command line =  
#        -f C:\Users\ADMINI~1\AppData\Local\Temp\EW4248.tmp
#        (E:\Lock-GW\00007829-sdk-ameba-v4.0a\sdk-ameba-v4.0a\sdk-ameba-v4.0a\project\realtek_ameba1_va0_example\EWARM-RELEASE\Debug\Obj\aes.o
#        E:\Lock-GW\00007829-sdk-ameba-v4.0a\sdk-ameba-v4.0a\sdk-ameba-v4.0a\project\realtek_ameba1_va0_example\EWARM-RELEASE\Debug\Obj\aesni.o
#        E:\Lock-GW\00007829-sdk-ameba-v4.0a\sdk-ameba-v4.0a\sdk-ameba-v4.0a\project\realtek_ameba1_va0_example\EWARM-RELEASE\Debug\Obj\alc5640.o
#        E:\Lock-GW\00007829-sdk-ameba-v4.0a\sdk-ameba-v4.0a\sdk-ameba-v4.0a\project\realtek_ameba1_va0_example\EWARM-RELEASE\Debug\Obj\alc5651.o
#        E:\Lock-GW\00007829-sdk-ameba-v4.0a\sdk-ameba-v4.0a\sdk-ameba-v4.0a\project\realtek_ameba1_va0_example\EWARM-RELEASE\Debug\Obj\alc5679.o
#        E:\Lock-GW\00007829-sdk-ameba-v4.0a\sdk-ameba-v4.0a\sdk-ameba-v4.0a\project\realtek_ameba1_va0_example\EWARM-RELEASE\Debug\Obj\analogin_api.o
#        E:\Lock-GW\00007829-sdk-ameba-v4.0a\sdk-ameba-v4.0a\sdk-ameba-v4.0a\project\realtek_ameba1_va0_example\EWARM-RELEASE\Debug\Obj\api_lib.o
#        E:\Lock-GW\00007829-sdk-ameba-v4.0a\sdk-ameba-v4.0a\sdk-ameba-v4.0a\project\realtek_ameba1_va0_example\EWARM-RELEASE\Debug\Obj\api_msg.o
#        E:\Lock-GW\00007829-sdk-ameba-v4.0a\sdk-ameba-v4.0a\sdk-ameba-v4.0a\project\realtek_ameba1_va0_example\EWARM-RELEASE\Debug\Obj\arc4.o
#        E:\Lock-GW\00007829-sdk-ameba-v4.0a\sdk-ameba-v4.0a\sdk-ameba-v4.0a\project\realtek_ameba1_va0_example\EWARM-RELEASE\Debug\Obj\asn1parse.o
#        E:\Lock-GW\00007829-sdk-ameba-v4.0a\sdk-ameba-v4.0a\sdk-ameba-v4.0a\project\realtek_ameba1_va0_example\EWARM-RELEASE\Debug\Obj\asn1write.o
#        E:\Lock-GW\00007829-sdk-ameba-v4.0a\sdk-ameba-v4.0a\sdk-ameba-v4.0a\project\realtek_ameba1_va0_example\EWARM-RELEASE\Debug\Obj\atcmd_ethernet.o
#        E:\Lock-GW\00007829-sdk-ameba-v4.0a\sdk-ameba-v4.0a\sdk-ameba-v4.0a\project\realtek_ameba1_va0_example\EWARM-RELEASE\Debug\Obj\atcmd_lwip.o
#        E:\Lock-GW\00007829-sdk-ameba-v4.0a\sdk-ameba-v4.0a\sdk-ameba-v4.0a\project\realtek_ameba1_va0_example\EWARM-RELEASE\Debug\Obj\atcmd_sys.o
#        E:\Lock-GW\00007829-sdk-ameba-v4.0a\sdk-ameba-v4.0a\sdk-ameba-v4.0a\project\realtek_ameba1_va0_example\EWARM-RELEASE\Debug\Obj\atcmd_wifi.o
#        E:\Lock-GW\00007829-sdk-ameba-v4.0a\sdk-ameba-v4.0a\sdk-ameba-v4.0a\project\realtek_ameba1_va0_example\EWARM-RELEASE\Debug\Obj\auth.o
#        E:\Lock-GW\00007829-sdk-ameba-v4.0a\sdk-ameba-v4.0a\sdk-ameba-v4.0a\project\realtek_ameba1_va0_example\EWARM-RELEASE\Debug\Obj\autoip.o
#        E:\Lock-GW\00007829-sdk-ameba-v4.0a\sdk-ameba-v4.0a\sdk-ameba-v4.0a\project\realtek_ameba1_va0_example\EWARM-RELEASE\Debug\Obj\base64.o
#        E:\Lock-GW\00007829-sdk-ameba-v4.0a\sdk-ameba-v4.0a\sdk-ameba-v4.0a\project\realtek_ameba1_va0_example\EWARM-RELEASE\Debug\Obj\bignum.o
#        E:\Lock-GW\00007829-sdk-ameba-v4.0a\sdk-ameba-v4.0a\sdk-ameba-v4.0a\project\realtek_ameba1_va0_example\EWARM-RELEASE\Debug\Obj\blowfish.o
#        E:\Lock-GW\00007829-sdk-ameba-v4.0a\sdk-ameba-v4.0a\sdk-ameba-v4.0a\project\realtek_ameba1_va0_example\EWARM-RELEASE\Debug\Obj\camellia.o
#        E:\Lock-GW\00007829-sdk-ameba-v4.0a\sdk-ameba-v4.0a\sdk-ameba-v4.0a\project\realtek_ameba1_va0_example\EWARM-RELEASE\Debug\Obj\ccm.o
#        E:\Lock-GW\00007829-sdk-ameba-v4.0a\sdk-ameba-v4.0a\sdk-ameba-v4.0a\project\realtek_ameba1_va0_example\EWARM-RELEASE\Debug\Obj\ccsbcs.o
#        E:\Lock-GW\00007829-sdk-ameba-v4.0a\sdk-ameba-v4.0a\sdk-ameba-v4.0a\project\realtek_ameba1_va0_example\EWARM-RELEASE\Debug\Obj\certs.o
#        E:\Lock-GW\00007829-sdk-ameba-v4.0a\sdk-ameba-v4.0a\sdk-ameba-v4.0a\project\realtek_ameba1_va0_example\EWARM-RELEASE\Debug\Obj\chap.o
#        E:\Lock-GW\00007829-sdk-ameba-v4.0a\sdk-ameba-v4.0a\sdk-ameba-v4.0a\project\realtek_ameba1_va0_example\EWARM-RELEASE\Debug\Obj\chpms.o
#        E:\Lock-GW\00007829-sdk-ameba-v4.0a\sdk-ameba-v4.0a\sdk-ameba-v4.0a\project\realtek_ameba1_va0_example\EWARM-RELEASE\Debug\Obj\cipher.o
#        E:\Lock-GW\00007829-sdk-ameba-v4.0a\sdk-ameba-v4.0a\sdk-ameba-v4.0a\project\realtek_ameba1_va0_example\EWARM-RELEASE\Debug\Obj\cipher_wrap.o
#        E:\Lock-GW\00007829-sdk-ameba-v4.0a\sdk-ameba-v4.0a\sdk-ameba-v4.0a\project\realtek_ameba1_va0_example\EWARM-RELEASE\Debug\Obj\cJSON.o
#        E:\Lock-GW\00007829-sdk-ameba-v4.0a\sdk-ameba-v4.0a\sdk-ameba-v4.0a\project\realtek_ameba1_va0_example\EWARM-RELEASE\Debug\Obj\cloud_link.o
#        E:\Lock-GW\00007829-sdk-ameba-v4.0a\sdk-ameba-v4.0a\sdk-ameba-v4.0a\project\realtek_ameba1_va0_example\EWARM-RELEASE\Debug\Obj\cmsis_os.o
#        E:\Lock-GW\00007829-sdk-ameba-v4.0a\sdk-ameba-v4.0a\sdk-ameba-v4.0a\project\realtek_ameba1_va0_example\EWARM-RELEASE\Debug\Obj\croutine.o
#        E:\Lock-GW\00007829-sdk-ameba-v4.0a\sdk-ameba-v4.0a\sdk-ameba-v4.0a\project\realtek_ameba1_va0_example\EWARM-RELEASE\Debug\Obj\ctr_drbg.o
#        E:\Lock-GW\00007829-sdk-ameba-v4.0a\sdk-ameba-v4.0a\sdk-ameba-v4.0a\project\realtek_ameba1_va0_example\EWARM-RELEASE\Debug\Obj\debug.o
#        E:\Lock-GW\00007829-sdk-ameba-v4.0a\sdk-ameba-v4.0a\sdk-ameba-v4.0a\project\realtek_ameba1_va0_example\EWARM-RELEASE\Debug\Obj\def.o
#        E:\Lock-GW\00007829-sdk-ameba-v4.0a\sdk-ameba-v4.0a\sdk-ameba-v4.0a\project\realtek_ameba1_va0_example\EWARM-RELEASE\Debug\Obj\des.o
#        E:\Lock-GW\00007829-sdk-ameba-v4.0a\sdk-ameba-v4.0a\sdk-ameba-v4.0a\project\realtek_ameba1_va0_example\EWARM-RELEASE\Debug\Obj\device_lock.o
#        E:\Lock-GW\00007829-sdk-ameba-v4.0a\sdk-ameba-v4.0a\sdk-ameba-v4.0a\project\realtek_ameba1_va0_example\EWARM-RELEASE\Debug\Obj\dhcp.o
#        E:\Lock-GW\00007829-sdk-ameba-v4.0a\sdk-ameba-v4.0a\sdk-ameba-v4.0a\project\realtek_ameba1_va0_example\EWARM-RELEASE\Debug\Obj\dhcps.o
#        E:\Lock-GW\00007829-sdk-ameba-v4.0a\sdk-ameba-v4.0a\sdk-ameba-v4.0a\project\realtek_ameba1_va0_example\EWARM-RELEASE\Debug\Obj\dhm.o
#        E:\Lock-GW\00007829-sdk-ameba-v4.0a\sdk-ameba-v4.0a\sdk-ameba-v4.0a\project\realtek_ameba1_va0_example\EWARM-RELEASE\Debug\Obj\diskio.o
#        E:\Lock-GW\00007829-sdk-ameba-v4.0a\sdk-ameba-v4.0a\sdk-ameba-v4.0a\project\realtek_ameba1_va0_example\EWARM-RELEASE\Debug\Obj\dma_api.o
#        E:\Lock-GW\00007829-sdk-ameba-v4.0a\sdk-ameba-v4.0a\sdk-ameba-v4.0a\project\realtek_ameba1_va0_example\EWARM-RELEASE\Debug\Obj\dns.o
#        E:\Lock-GW\00007829-sdk-ameba-v4.0a\sdk-ameba-v4.0a\sdk-ameba-v4.0a\project\realtek_ameba1_va0_example\EWARM-RELEASE\Debug\Obj\ecdh.o
#        E:\Lock-GW\00007829-sdk-ameba-v4.0a\sdk-ameba-v4.0a\sdk-ameba-v4.0a\project\realtek_ameba1_va0_example\EWARM-RELEASE\Debug\Obj\ecdsa.o
#        E:\Lock-GW\00007829-sdk-ameba-v4.0a\sdk-ameba-v4.0a\sdk-ameba-v4.0a\project\realtek_ameba1_va0_example\EWARM-RELEASE\Debug\Obj\ecp.o
#        E:\Lock-GW\00007829-sdk-ameba-v4.0a\sdk-ameba-v4.0a\sdk-ameba-v4.0a\project\realtek_ameba1_va0_example\EWARM-RELEASE\Debug\Obj\ecp_curves.o
#        E:\Lock-GW\00007829-sdk-ameba-v4.0a\sdk-ameba-v4.0a\sdk-ameba-v4.0a\project\realtek_ameba1_va0_example\EWARM-RELEASE\Debug\Obj\efuse_api.o
#        E:\Lock-GW\00007829-sdk-ameba-v4.0a\sdk-ameba-v4.0a\sdk-ameba-v4.0a\project\realtek_ameba1_va0_example\EWARM-RELEASE\Debug\Obj\entropy.o
#        E:\Lock-GW\00007829-sdk-ameba-v4.0a\sdk-ameba-v4.0a\sdk-ameba-v4.0a\project\realtek_ameba1_va0_example\EWARM-RELEASE\Debug\Obj\entropy_poll.o
#        E:\Lock-GW\00007829-sdk-ameba-v4.0a\sdk-ameba-v4.0a\sdk-ameba-v4.0a\project\realtek_ameba1_va0_example\EWARM-RELEASE\Debug\Obj\err.o
#        E:\Lock-GW\00007829-sdk-ameba-v4.0a\sdk-ameba-v4.0a\sdk-ameba-v4.0a\project\realtek_ameba1_va0_example\EWARM-RELEASE\Debug\Obj\error.o
#        E:\Lock-GW\00007829-sdk-ameba-v4.0a\sdk-ameba-v4.0a\sdk-ameba-v4.0a\project\realtek_ameba1_va0_example\EWARM-RELEASE\Debug\Obj\etharp.o
#        E:\Lock-GW\00007829-sdk-ameba-v4.0a\sdk-ameba-v4.0a\sdk-ameba-v4.0a\project\realtek_ameba1_va0_example\EWARM-RELEASE\Debug\Obj\ethernet_api.o
#        E:\Lock-GW\00007829-sdk-ameba-v4.0a\sdk-ameba-v4.0a\sdk-ameba-v4.0a\project\realtek_ameba1_va0_example\EWARM-RELEASE\Debug\Obj\ethernet_mii.o
#        E:\Lock-GW\00007829-sdk-ameba-v4.0a\sdk-ameba-v4.0a\sdk-ameba-v4.0a\project\realtek_ameba1_va0_example\EWARM-RELEASE\Debug\Obj\ethernetif.o
#        E:\Lock-GW\00007829-sdk-ameba-v4.0a\sdk-ameba-v4.0a\sdk-ameba-v4.0a\project\realtek_ameba1_va0_example\EWARM-RELEASE\Debug\Obj\event_groups.o
#        E:\Lock-GW\00007829-sdk-ameba-v4.0a\sdk-ameba-v4.0a\sdk-ameba-v4.0a\project\realtek_ameba1_va0_example\EWARM-RELEASE\Debug\Obj\example_amazon_awsiot.o
#        E:\Lock-GW\00007829-sdk-ameba-v4.0a\sdk-ameba-v4.0a\sdk-ameba-v4.0a\project\realtek_ameba1_va0_example\EWARM-RELEASE\Debug\Obj\example_audio_mp3.o
#        E:\Lock-GW\00007829-sdk-ameba-v4.0a\sdk-ameba-v4.0a\sdk-ameba-v4.0a\project\realtek_ameba1_va0_example\EWARM-RELEASE\Debug\Obj\example_bcast.o
#        E:\Lock-GW\00007829-sdk-ameba-v4.0a\sdk-ameba-v4.0a\sdk-ameba-v4.0a\project\realtek_ameba1_va0_example\EWARM-RELEASE\Debug\Obj\example_eap.o
#        E:\Lock-GW\00007829-sdk-ameba-v4.0a\sdk-ameba-v4.0a\sdk-ameba-v4.0a\project\realtek_ameba1_va0_example\EWARM-RELEASE\Debug\Obj\example_entry.o
#        E:\Lock-GW\00007829-sdk-ameba-v4.0a\sdk-ameba-v4.0a\sdk-ameba-v4.0a\project\realtek_ameba1_va0_example\EWARM-RELEASE\Debug\Obj\example_fatfs.o
#        E:\Lock-GW\00007829-sdk-ameba-v4.0a\sdk-ameba-v4.0a\sdk-ameba-v4.0a\project\realtek_ameba1_va0_example\EWARM-RELEASE\Debug\Obj\example_get_beacon_frame.o
#        E:\Lock-GW\00007829-sdk-ameba-v4.0a\sdk-ameba-v4.0a\sdk-ameba-v4.0a\project\realtek_ameba1_va0_example\EWARM-RELEASE\Debug\Obj\example_google.o
#        E:\Lock-GW\00007829-sdk-ameba-v4.0a\sdk-ameba-v4.0a\sdk-ameba-v4.0a\project\realtek_ameba1_va0_example\EWARM-RELEASE\Debug\Obj\example_high_load_memory_use.o
#        E:\Lock-GW\00007829-sdk-ameba-v4.0a\sdk-ameba-v4.0a\sdk-ameba-v4.0a\project\realtek_ameba1_va0_example\EWARM-RELEASE\Debug\Obj\example_http_client.o
#        E:\Lock-GW\00007829-sdk-ameba-v4.0a\sdk-ameba-v4.0a\sdk-ameba-v4.0a\project\realtek_ameba1_va0_example\EWARM-RELEASE\Debug\Obj\example_http_download.o
#        E:\Lock-GW\00007829-sdk-ameba-v4.0a\sdk-ameba-v4.0a\sdk-ameba-v4.0a\project\realtek_ameba1_va0_example\EWARM-RELEASE\Debug\Obj\example_httpc.o
#        E:\Lock-GW\00007829-sdk-ameba-v4.0a\sdk-ameba-v4.0a\sdk-ameba-v4.0a\project\realtek_ameba1_va0_example\EWARM-RELEASE\Debug\Obj\example_httpd.o
#        E:\Lock-GW\00007829-sdk-ameba-v4.0a\sdk-ameba-v4.0a\sdk-ameba-v4.0a\project\realtek_ameba1_va0_example\EWARM-RELEASE\Debug\Obj\example_mcast.o
#        E:\Lock-GW\00007829-sdk-ameba-v4.0a\sdk-ameba-v4.0a\sdk-ameba-v4.0a\project\realtek_ameba1_va0_example\EWARM-RELEASE\Debug\Obj\example_mdns.o
#        E:\Lock-GW\00007829-sdk-ameba-v4.0a\sdk-ameba-v4.0a\sdk-ameba-v4.0a\project\realtek_ameba1_va0_example\EWARM-RELEASE\Debug\Obj\example_media_audio_from_rtp.o
#        E:\Lock-GW\00007829-sdk-ameba-v4.0a\sdk-ameba-v4.0a\sdk-ameba-v4.0a\project\realtek_ameba1_va0_example\EWARM-RELEASE\Debug\Obj\example_media_ss.o
#        E:\Lock-GW\00007829-sdk-ameba-v4.0a\sdk-ameba-v4.0a\sdk-ameba-v4.0a\project\realtek_ameba1_va0_example\EWARM-RELEASE\Debug\Obj\example_media_tl.o
#        E:\Lock-GW\00007829-sdk-ameba-v4.0a\sdk-ameba-v4.0a\sdk-ameba-v4.0a\project\realtek_ameba1_va0_example\EWARM-RELEASE\Debug\Obj\example_nonblock_connect.o
#        E:\Lock-GW\00007829-sdk-ameba-v4.0a\sdk-ameba-v4.0a\sdk-ameba-v4.0a\project\realtek_ameba1_va0_example\EWARM-RELEASE\Debug\Obj\example_ota_http.o
#        E:\Lock-GW\00007829-sdk-ameba-v4.0a\sdk-ameba-v4.0a\sdk-ameba-v4.0a\project\realtek_ameba1_va0_example\EWARM-RELEASE\Debug\Obj\example_pppoe.o
#        E:\Lock-GW\00007829-sdk-ameba-v4.0a\sdk-ameba-v4.0a\sdk-ameba-v4.0a\project\realtek_ameba1_va0_example\EWARM-RELEASE\Debug\Obj\example_rarp.o
#        E:\Lock-GW\00007829-sdk-ameba-v4.0a\sdk-ameba-v4.0a\sdk-ameba-v4.0a\project\realtek_ameba1_va0_example\EWARM-RELEASE\Debug\Obj\example_sntp_showtime.o
#        E:\Lock-GW\00007829-sdk-ameba-v4.0a\sdk-ameba-v4.0a\sdk-ameba-v4.0a\project\realtek_ameba1_va0_example\EWARM-RELEASE\Debug\Obj\example_socket_select.o
#        E:\Lock-GW\00007829-sdk-ameba-v4.0a\sdk-ameba-v4.0a\sdk-ameba-v4.0a\project\realtek_ameba1_va0_example\EWARM-RELEASE\Debug\Obj\example_socket_tcp_trx_1.o
#        E:\Lock-GW\00007829-sdk-ameba-v4.0a\sdk-ameba-v4.0a\sdk-ameba-v4.0a\project\realtek_ameba1_va0_example\EWARM-RELEASE\Debug\Obj\example_socket_tcp_trx_2.o
#        E:\Lock-GW\00007829-sdk-ameba-v4.0a\sdk-ameba-v4.0a\sdk-ameba-v4.0a\project\realtek_ameba1_va0_example\EWARM-RELEASE\Debug\Obj\example_spi_atcmd.o
#        E:\Lock-GW\00007829-sdk-ameba-v4.0a\sdk-ameba-v4.0a\sdk-ameba-v4.0a\project\realtek_ameba1_va0_example\EWARM-RELEASE\Debug\Obj\example_ssl_download.o
#        E:\Lock-GW\00007829-sdk-ameba-v4.0a\sdk-ameba-v4.0a\sdk-ameba-v4.0a\project\realtek_ameba1_va0_example\EWARM-RELEASE\Debug\Obj\example_ssl_server.o
#        E:\Lock-GW\00007829-sdk-ameba-v4.0a\sdk-ameba-v4.0a\sdk-ameba-v4.0a\project\realtek_ameba1_va0_example\EWARM-RELEASE\Debug\Obj\example_tcp_keepalive.o
#        E:\Lock-GW\00007829-sdk-ameba-v4.0a\sdk-ameba-v4.0a\sdk-ameba-v4.0a\project\realtek_ameba1_va0_example\EWARM-RELEASE\Debug\Obj\example_uart_atcmd.o
#        E:\Lock-GW\00007829-sdk-ameba-v4.0a\sdk-ameba-v4.0a\sdk-ameba-v4.0a\project\realtek_ameba1_va0_example\EWARM-RELEASE\Debug\Obj\example_uart_update.o
#        E:\Lock-GW\00007829-sdk-ameba-v4.0a\sdk-ameba-v4.0a\sdk-ameba-v4.0a\project\realtek_ameba1_va0_example\EWARM-RELEASE\Debug\Obj\example_usb_msc.o
#        E:\Lock-GW\00007829-sdk-ameba-v4.0a\sdk-ameba-v4.0a\sdk-ameba-v4.0a\project\realtek_ameba1_va0_example\EWARM-RELEASE\Debug\Obj\example_wifi_mac_monitor.o
#        E:\Lock-GW\00007829-sdk-ameba-v4.0a\sdk-ameba-v4.0a\sdk-ameba-v4.0a\project\realtek_ameba1_va0_example\EWARM-RELEASE\Debug\Obj\example_wlan_fast_connect.o
#        E:\Lock-GW\00007829-sdk-ameba-v4.0a\sdk-ameba-v4.0a\sdk-ameba-v4.0a\project\realtek_ameba1_va0_example\EWARM-RELEASE\Debug\Obj\example_wlan_scenario.o
#        E:\Lock-GW\00007829-sdk-ameba-v4.0a\sdk-ameba-v4.0a\sdk-ameba-v4.0a\project\realtek_ameba1_va0_example\EWARM-RELEASE\Debug\Obj\example_wsclient.o
#        E:\Lock-GW\00007829-sdk-ameba-v4.0a\sdk-ameba-v4.0a\sdk-ameba-v4.0a\project\realtek_ameba1_va0_example\EWARM-RELEASE\Debug\Obj\example_xml.o
#        E:\Lock-GW\00007829-sdk-ameba-v4.0a\sdk-ameba-v4.0a\sdk-ameba-v4.0a\project\realtek_ameba1_va0_example\EWARM-RELEASE\Debug\Obj\ff.o
#        E:\Lock-GW\00007829-sdk-ameba-v4.0a\sdk-ameba-v4.0a\sdk-ameba-v4.0a\project\realtek_ameba1_va0_example\EWARM-RELEASE\Debug\Obj\ff_driver.o
#        E:\Lock-GW\00007829-sdk-ameba-v4.0a\sdk-ameba-v4.0a\sdk-ameba-v4.0a\project\realtek_ameba1_va0_example\EWARM-RELEASE\Debug\Obj\flash_api.o
#        E:\Lock-GW\00007829-sdk-ameba-v4.0a\sdk-ameba-v4.0a\sdk-ameba-v4.0a\project\realtek_ameba1_va0_example\EWARM-RELEASE\Debug\Obj\freertos_service.o
#        E:\Lock-GW\00007829-sdk-ameba-v4.0a\sdk-ameba-v4.0a\sdk-ameba-v4.0a\project\realtek_ameba1_va0_example\EWARM-RELEASE\Debug\Obj\fsm.o
#        E:\Lock-GW\00007829-sdk-ameba-v4.0a\sdk-ameba-v4.0a\sdk-ameba-v4.0a\project\realtek_ameba1_va0_example\EWARM-RELEASE\Debug\Obj\gcm.o
#        E:\Lock-GW\00007829-sdk-ameba-v4.0a\sdk-ameba-v4.0a\sdk-ameba-v4.0a\project\realtek_ameba1_va0_example\EWARM-RELEASE\Debug\Obj\google_tls.o
#        E:\Lock-GW\00007829-sdk-ameba-v4.0a\sdk-ameba-v4.0a\sdk-ameba-v4.0a\project\realtek_ameba1_va0_example\EWARM-RELEASE\Debug\Obj\gpio_api.o
#        E:\Lock-GW\00007829-sdk-ameba-v4.0a\sdk-ameba-v4.0a\sdk-ameba-v4.0a\project\realtek_ameba1_va0_example\EWARM-RELEASE\Debug\Obj\gpio_irq_api.o
#        E:\Lock-GW\00007829-sdk-ameba-v4.0a\sdk-ameba-v4.0a\sdk-ameba-v4.0a\project\realtek_ameba1_va0_example\EWARM-RELEASE\Debug\Obj\hal_32k.o
#        E:\Lock-GW\00007829-sdk-ameba-v4.0a\sdk-ameba-v4.0a\sdk-ameba-v4.0a\project\realtek_ameba1_va0_example\EWARM-RELEASE\Debug\Obj\hal_adc.o
#        E:\Lock-GW\00007829-sdk-ameba-v4.0a\sdk-ameba-v4.0a\sdk-ameba-v4.0a\project\realtek_ameba1_va0_example\EWARM-RELEASE\Debug\Obj\hal_gdma.o
#        E:\Lock-GW\00007829-sdk-ameba-v4.0a\sdk-ameba-v4.0a\sdk-ameba-v4.0a\project\realtek_ameba1_va0_example\EWARM-RELEASE\Debug\Obj\hal_gpio.o
#        E:\Lock-GW\00007829-sdk-ameba-v4.0a\sdk-ameba-v4.0a\sdk-ameba-v4.0a\project\realtek_ameba1_va0_example\EWARM-RELEASE\Debug\Obj\hal_i2c.o
#        E:\Lock-GW\00007829-sdk-ameba-v4.0a\sdk-ameba-v4.0a\sdk-ameba-v4.0a\project\realtek_ameba1_va0_example\EWARM-RELEASE\Debug\Obj\hal_i2s.o
#        E:\Lock-GW\00007829-sdk-ameba-v4.0a\sdk-ameba-v4.0a\sdk-ameba-v4.0a\project\realtek_ameba1_va0_example\EWARM-RELEASE\Debug\Obj\hal_mii.o
#        E:\Lock-GW\00007829-sdk-ameba-v4.0a\sdk-ameba-v4.0a\sdk-ameba-v4.0a\project\realtek_ameba1_va0_example\EWARM-RELEASE\Debug\Obj\hal_nfc.o
#        E:\Lock-GW\00007829-sdk-ameba-v4.0a\sdk-ameba-v4.0a\sdk-ameba-v4.0a\project\realtek_ameba1_va0_example\EWARM-RELEASE\Debug\Obj\hal_pcm.o
#        E:\Lock-GW\00007829-sdk-ameba-v4.0a\sdk-ameba-v4.0a\sdk-ameba-v4.0a\project\realtek_ameba1_va0_example\EWARM-RELEASE\Debug\Obj\hal_pwm.o
#        E:\Lock-GW\00007829-sdk-ameba-v4.0a\sdk-ameba-v4.0a\sdk-ameba-v4.0a\project\realtek_ameba1_va0_example\EWARM-RELEASE\Debug\Obj\hal_sdr_controller.o
#        E:\Lock-GW\00007829-sdk-ameba-v4.0a\sdk-ameba-v4.0a\sdk-ameba-v4.0a\project\realtek_ameba1_va0_example\EWARM-RELEASE\Debug\Obj\hal_ssi.o
#        E:\Lock-GW\00007829-sdk-ameba-v4.0a\sdk-ameba-v4.0a\sdk-ameba-v4.0a\project\realtek_ameba1_va0_example\EWARM-RELEASE\Debug\Obj\hal_timer.o
#        E:\Lock-GW\00007829-sdk-ameba-v4.0a\sdk-ameba-v4.0a\sdk-ameba-v4.0a\project\realtek_ameba1_va0_example\EWARM-RELEASE\Debug\Obj\hal_uart.o
#        E:\Lock-GW\00007829-sdk-ameba-v4.0a\sdk-ameba-v4.0a\sdk-ameba-v4.0a\project\realtek_ameba1_va0_example\EWARM-RELEASE\Debug\Obj\havege.o
#        E:\Lock-GW\00007829-sdk-ameba-v4.0a\sdk-ameba-v4.0a\sdk-ameba-v4.0a\project\realtek_ameba1_va0_example\EWARM-RELEASE\Debug\Obj\heap_5.o
#        E:\Lock-GW\00007829-sdk-ameba-v4.0a\sdk-ameba-v4.0a\sdk-ameba-v4.0a\project\realtek_ameba1_va0_example\EWARM-RELEASE\Debug\Obj\hmac_drbg.o
#        E:\Lock-GW\00007829-sdk-ameba-v4.0a\sdk-ameba-v4.0a\sdk-ameba-v4.0a\project\realtek_ameba1_va0_example\EWARM-RELEASE\Debug\Obj\http_client.o
#        E:\Lock-GW\00007829-sdk-ameba-v4.0a\sdk-ameba-v4.0a\sdk-ameba-v4.0a\project\realtek_ameba1_va0_example\EWARM-RELEASE\Debug\Obj\httpc_tls.o
#        E:\Lock-GW\00007829-sdk-ameba-v4.0a\sdk-ameba-v4.0a\sdk-ameba-v4.0a\project\realtek_ameba1_va0_example\EWARM-RELEASE\Debug\Obj\httpd_tls.o
#        E:\Lock-GW\00007829-sdk-ameba-v4.0a\sdk-ameba-v4.0a\sdk-ameba-v4.0a\project\realtek_ameba1_va0_example\EWARM-RELEASE\Debug\Obj\i2c_api.o
#        E:\Lock-GW\00007829-sdk-ameba-v4.0a\sdk-ameba-v4.0a\sdk-ameba-v4.0a\project\realtek_ameba1_va0_example\EWARM-RELEASE\Debug\Obj\i2s_api.o
#        E:\Lock-GW\00007829-sdk-ameba-v4.0a\sdk-ameba-v4.0a\sdk-ameba-v4.0a\project\realtek_ameba1_va0_example\EWARM-RELEASE\Debug\Obj\icmp.o
#        E:\Lock-GW\00007829-sdk-ameba-v4.0a\sdk-ameba-v4.0a\sdk-ameba-v4.0a\project\realtek_ameba1_va0_example\EWARM-RELEASE\Debug\Obj\igmp.o
#        E:\Lock-GW\00007829-sdk-ameba-v4.0a\sdk-ameba-v4.0a\sdk-ameba-v4.0a\project\realtek_ameba1_va0_example\EWARM-RELEASE\Debug\Obj\inet.o
#        E:\Lock-GW\00007829-sdk-ameba-v4.0a\sdk-ameba-v4.0a\sdk-ameba-v4.0a\project\realtek_ameba1_va0_example\EWARM-RELEASE\Debug\Obj\inet_chksum.o
#        E:\Lock-GW\00007829-sdk-ameba-v4.0a\sdk-ameba-v4.0a\sdk-ameba-v4.0a\project\realtek_ameba1_va0_example\EWARM-RELEASE\Debug\Obj\init.o
#        E:\Lock-GW\00007829-sdk-ameba-v4.0a\sdk-ameba-v4.0a\sdk-ameba-v4.0a\project\realtek_ameba1_va0_example\EWARM-RELEASE\Debug\Obj\ip.o
#        E:\Lock-GW\00007829-sdk-ameba-v4.0a\sdk-ameba-v4.0a\sdk-ameba-v4.0a\project\realtek_ameba1_va0_example\EWARM-RELEASE\Debug\Obj\ip_addr.o
#        E:\Lock-GW\00007829-sdk-ameba-v4.0a\sdk-ameba-v4.0a\sdk-ameba-v4.0a\project\realtek_ameba1_va0_example\EWARM-RELEASE\Debug\Obj\ip_frag.o
#        E:\Lock-GW\00007829-sdk-ameba-v4.0a\sdk-ameba-v4.0a\sdk-ameba-v4.0a\project\realtek_ameba1_va0_example\EWARM-RELEASE\Debug\Obj\ipcp.o
#        E:\Lock-GW\00007829-sdk-ameba-v4.0a\sdk-ameba-v4.0a\sdk-ameba-v4.0a\project\realtek_ameba1_va0_example\EWARM-RELEASE\Debug\Obj\lcp.o
#        E:\Lock-GW\00007829-sdk-ameba-v4.0a\sdk-ameba-v4.0a\sdk-ameba-v4.0a\component\soc\realtek\8195a\misc\bsp\lib\common\IAR\lib_codec.a
#        E:\Lock-GW\00007829-sdk-ameba-v4.0a\sdk-ameba-v4.0a\sdk-ameba-v4.0a\component\soc\realtek\8195a\misc\bsp\lib\common\IAR\lib_googlenest.a
#        E:\Lock-GW\00007829-sdk-ameba-v4.0a\sdk-ameba-v4.0a\sdk-ameba-v4.0a\component\soc\realtek\8195a\misc\bsp\lib\common\IAR\lib_http.a
#        E:\Lock-GW\00007829-sdk-ameba-v4.0a\sdk-ameba-v4.0a\sdk-ameba-v4.0a\component\soc\realtek\8195a\misc\bsp\lib\common\IAR\lib_mdns.a
#        E:\Lock-GW\00007829-sdk-ameba-v4.0a\sdk-ameba-v4.0a\sdk-ameba-v4.0a\component\soc\realtek\8195a\misc\bsp\lib\common\IAR\lib_mmf.a
#        E:\Lock-GW\00007829-sdk-ameba-v4.0a\sdk-ameba-v4.0a\sdk-ameba-v4.0a\component\soc\realtek\8195a\misc\bsp\lib\common\IAR\lib_muxer.a
#        E:\Lock-GW\00007829-sdk-ameba-v4.0a\sdk-ameba-v4.0a\sdk-ameba-v4.0a\component\soc\realtek\8195a\misc\bsp\lib\common\IAR\lib_p2p.a
#        E:\Lock-GW\00007829-sdk-ameba-v4.0a\sdk-ameba-v4.0a\sdk-ameba-v4.0a\component\soc\realtek\8195a\misc\bsp\lib\common\IAR\lib_platform.a
#        E:\Lock-GW\00007829-sdk-ameba-v4.0a\sdk-ameba-v4.0a\sdk-ameba-v4.0a\component\soc\realtek\8195a\misc\bsp\lib\common\IAR\lib_rtlstd.a
#        E:\Lock-GW\00007829-sdk-ameba-v4.0a\sdk-ameba-v4.0a\sdk-ameba-v4.0a\component\soc\realtek\8195a\misc\bsp\lib\common\IAR\lib_rtsp.a
#        E:\Lock-GW\00007829-sdk-ameba-v4.0a\sdk-ameba-v4.0a\sdk-ameba-v4.0a\component\soc\realtek\8195a\misc\bsp\lib\common\IAR\lib_sdcard.a
#        E:\Lock-GW\00007829-sdk-ameba-v4.0a\sdk-ameba-v4.0a\sdk-ameba-v4.0a\component\soc\realtek\8195a\misc\bsp\lib\common\IAR\lib_usbd.a
#        E:\Lock-GW\00007829-sdk-ameba-v4.0a\sdk-ameba-v4.0a\sdk-ameba-v4.0a\component\soc\realtek\8195a\misc\bsp\lib\common\IAR\lib_websocket.a
#        E:\Lock-GW\00007829-sdk-ameba-v4.0a\sdk-ameba-v4.0a\sdk-ameba-v4.0a\component\soc\realtek\8195a\misc\bsp\lib\common\IAR\lib_wlan.a
#        E:\Lock-GW\00007829-sdk-ameba-v4.0a\sdk-ameba-v4.0a\sdk-ameba-v4.0a\component\soc\realtek\8195a\misc\bsp\lib\common\IAR\lib_wps.a
#        E:\Lock-GW\00007829-sdk-ameba-v4.0a\sdk-ameba-v4.0a\sdk-ameba-v4.0a\component\soc\realtek\8195a\misc\bsp\lib\common\IAR\lib_xmodem.a
#        E:\Lock-GW\00007829-sdk-ameba-v4.0a\sdk-ameba-v4.0a\sdk-ameba-v4.0a\project\realtek_ameba1_va0_example\EWARM-RELEASE\Debug\Obj\list.o
#        E:\Lock-GW\00007829-sdk-ameba-v4.0a\sdk-ameba-v4.0a\sdk-ameba-v4.0a\project\realtek_ameba1_va0_example\EWARM-RELEASE\Debug\Obj\log_service.o
#        E:\Lock-GW\00007829-sdk-ameba-v4.0a\sdk-ameba-v4.0a\sdk-ameba-v4.0a\project\realtek_ameba1_va0_example\EWARM-RELEASE\Debug\Obj\log_uart_api.o
#        E:\Lock-GW\00007829-sdk-ameba-v4.0a\sdk-ameba-v4.0a\sdk-ameba-v4.0a\project\realtek_ameba1_va0_example\EWARM-RELEASE\Debug\Obj\low_level_io.o
#        E:\Lock-GW\00007829-sdk-ameba-v4.0a\sdk-ameba-v4.0a\sdk-ameba-v4.0a\project\realtek_ameba1_va0_example\EWARM-RELEASE\Debug\Obj\lwip_intf.o
#        E:\Lock-GW\00007829-sdk-ameba-v4.0a\sdk-ameba-v4.0a\sdk-ameba-v4.0a\project\realtek_ameba1_va0_example\EWARM-RELEASE\Debug\Obj\lwip_md5.o
#        E:\Lock-GW\00007829-sdk-ameba-v4.0a\sdk-ameba-v4.0a\sdk-ameba-v4.0a\project\realtek_ameba1_va0_example\EWARM-RELEASE\Debug\Obj\lwip_netconf.o
#        E:\Lock-GW\00007829-sdk-ameba-v4.0a\sdk-ameba-v4.0a\sdk-ameba-v4.0a\project\realtek_ameba1_va0_example\EWARM-RELEASE\Debug\Obj\lwip_timers.o
#        E:\Lock-GW\00007829-sdk-ameba-v4.0a\sdk-ameba-v4.0a\sdk-ameba-v4.0a\project\realtek_ameba1_va0_example\EWARM-RELEASE\Debug\Obj\magic.o
#        E:\Lock-GW\00007829-sdk-ameba-v4.0a\sdk-ameba-v4.0a\sdk-ameba-v4.0a\project\realtek_ameba1_va0_example\EWARM-RELEASE\Debug\Obj\mailbox.o
#        E:\Lock-GW\00007829-sdk-ameba-v4.0a\sdk-ameba-v4.0a\sdk-ameba-v4.0a\project\realtek_ameba1_va0_example\EWARM-RELEASE\Debug\Obj\main.o
#        E:\Lock-GW\00007829-sdk-ameba-v4.0a\sdk-ameba-v4.0a\sdk-ameba-v4.0a\project\realtek_ameba1_va0_example\EWARM-RELEASE\Debug\Obj\md.o
#        E:\Lock-GW\00007829-sdk-ameba-v4.0a\sdk-ameba-v4.0a\sdk-ameba-v4.0a\project\realtek_ameba1_va0_example\EWARM-RELEASE\Debug\Obj\md2.o
#        E:\Lock-GW\00007829-sdk-ameba-v4.0a\sdk-ameba-v4.0a\sdk-ameba-v4.0a\project\realtek_ameba1_va0_example\EWARM-RELEASE\Debug\Obj\md4.o
#        E:\Lock-GW\00007829-sdk-ameba-v4.0a\sdk-ameba-v4.0a\sdk-ameba-v4.0a\project\realtek_ameba1_va0_example\EWARM-RELEASE\Debug\Obj\md5.o
#        E:\Lock-GW\00007829-sdk-ameba-v4.0a\sdk-ameba-v4.0a\sdk-ameba-v4.0a\project\realtek_ameba1_va0_example\EWARM-RELEASE\Debug\Obj\md_wrap.o
#        E:\Lock-GW\00007829-sdk-ameba-v4.0a\sdk-ameba-v4.0a\sdk-ameba-v4.0a\project\realtek_ameba1_va0_example\EWARM-RELEASE\Debug\Obj\mDNSPlatform.o
#        E:\Lock-GW\00007829-sdk-ameba-v4.0a\sdk-ameba-v4.0a\sdk-ameba-v4.0a\project\realtek_ameba1_va0_example\EWARM-RELEASE\Debug\Obj\mem.o
#        E:\Lock-GW\00007829-sdk-ameba-v4.0a\sdk-ameba-v4.0a\sdk-ameba-v4.0a\project\realtek_ameba1_va0_example\EWARM-RELEASE\Debug\Obj\memory_buffer_alloc.o
#        E:\Lock-GW\00007829-sdk-ameba-v4.0a\sdk-ameba-v4.0a\sdk-ameba-v4.0a\project\realtek_ameba1_va0_example\EWARM-RELEASE\Debug\Obj\memp.o
#        E:\Lock-GW\00007829-sdk-ameba-v4.0a\sdk-ameba-v4.0a\sdk-ameba-v4.0a\project\realtek_ameba1_va0_example\EWARM-RELEASE\Debug\Obj\mmf_sink_i2s.o
#        E:\Lock-GW\00007829-sdk-ameba-v4.0a\sdk-ameba-v4.0a\sdk-ameba-v4.0a\project\realtek_ameba1_va0_example\EWARM-RELEASE\Debug\Obj\mmf_sink_mp3.o
#        E:\Lock-GW\00007829-sdk-ameba-v4.0a\sdk-ameba-v4.0a\sdk-ameba-v4.0a\project\realtek_ameba1_va0_example\EWARM-RELEASE\Debug\Obj\mmf_sink_mp4.o
#        E:\Lock-GW\00007829-sdk-ameba-v4.0a\sdk-ameba-v4.0a\sdk-ameba-v4.0a\project\realtek_ameba1_va0_example\EWARM-RELEASE\Debug\Obj\mmf_sink_rtsp.o
#        E:\Lock-GW\00007829-sdk-ameba-v4.0a\sdk-ameba-v4.0a\sdk-ameba-v4.0a\project\realtek_ameba1_va0_example\EWARM-RELEASE\Debug\Obj\mmf_sink_rtsp2.o
#        E:\Lock-GW\00007829-sdk-ameba-v4.0a\sdk-ameba-v4.0a\sdk-ameba-v4.0a\project\realtek_ameba1_va0_example\EWARM-RELEASE\Debug\Obj\mmf_source_aac_file.o
#        E:\Lock-GW\00007829-sdk-ameba-v4.0a\sdk-ameba-v4.0a\sdk-ameba-v4.0a\project\realtek_ameba1_va0_example\EWARM-RELEASE\Debug\Obj\mmf_source_h264_file.o
#        E:\Lock-GW\00007829-sdk-ameba-v4.0a\sdk-ameba-v4.0a\sdk-ameba-v4.0a\project\realtek_ameba1_va0_example\EWARM-RELEASE\Debug\Obj\mmf_source_i2s_file.o
#        E:\Lock-GW\00007829-sdk-ameba-v4.0a\sdk-ameba-v4.0a\sdk-ameba-v4.0a\project\realtek_ameba1_va0_example\EWARM-RELEASE\Debug\Obj\mmf_source_mjpg_file.o
#        E:\Lock-GW\00007829-sdk-ameba-v4.0a\sdk-ameba-v4.0a\sdk-ameba-v4.0a\project\realtek_ameba1_va0_example\EWARM-RELEASE\Debug\Obj\mmf_source_pcmu_file.o
#        E:\Lock-GW\00007829-sdk-ameba-v4.0a\sdk-ameba-v4.0a\sdk-ameba-v4.0a\project\realtek_ameba1_va0_example\EWARM-RELEASE\Debug\Obj\mmf_source_rtp.o
#        E:\Lock-GW\00007829-sdk-ameba-v4.0a\sdk-ameba-v4.0a\sdk-ameba-v4.0a\project\realtek_ameba1_va0_example\EWARM-RELEASE\Debug\Obj\mmf_source_uvc.o
#        E:\Lock-GW\00007829-sdk-ameba-v4.0a\sdk-ameba-v4.0a\sdk-ameba-v4.0a\project\realtek_ameba1_va0_example\EWARM-RELEASE\Debug\Obj\MQTTClient.o
#        E:\Lock-GW\00007829-sdk-ameba-v4.0a\sdk-ameba-v4.0a\sdk-ameba-v4.0a\project\realtek_ameba1_va0_example\EWARM-RELEASE\Debug\Obj\MQTTConnectClient.o
#        E:\Lock-GW\00007829-sdk-ameba-v4.0a\sdk-ameba-v4.0a\sdk-ameba-v4.0a\project\realtek_ameba1_va0_example\EWARM-RELEASE\Debug\Obj\MQTTConnectServer.o
#        E:\Lock-GW\00007829-sdk-ameba-v4.0a\sdk-ameba-v4.0a\sdk-ameba-v4.0a\project\realtek_ameba1_va0_example\EWARM-RELEASE\Debug\Obj\MQTTDeserializePublish.o
#        E:\Lock-GW\00007829-sdk-ameba-v4.0a\sdk-ameba-v4.0a\sdk-ameba-v4.0a\project\realtek_ameba1_va0_example\EWARM-RELEASE\Debug\Obj\MQTTFormat.o
#        E:\Lock-GW\00007829-sdk-ameba-v4.0a\sdk-ameba-v4.0a\sdk-ameba-v4.0a\project\realtek_ameba1_va0_example\EWARM-RELEASE\Debug\Obj\MQTTFreertos.o
#        E:\Lock-GW\00007829-sdk-ameba-v4.0a\sdk-ameba-v4.0a\sdk-ameba-v4.0a\project\realtek_ameba1_va0_example\EWARM-RELEASE\Debug\Obj\MQTTPacket.o
#        E:\Lock-GW\00007829-sdk-ameba-v4.0a\sdk-ameba-v4.0a\sdk-ameba-v4.0a\project\realtek_ameba1_va0_example\EWARM-RELEASE\Debug\Obj\MQTTSerializePublish.o
#        E:\Lock-GW\00007829-sdk-ameba-v4.0a\sdk-ameba-v4.0a\sdk-ameba-v4.0a\project\realtek_ameba1_va0_example\EWARM-RELEASE\Debug\Obj\MQTTSubscribeClient.o
#        E:\Lock-GW\00007829-sdk-ameba-v4.0a\sdk-ameba-v4.0a\sdk-ameba-v4.0a\project\realtek_ameba1_va0_example\EWARM-RELEASE\Debug\Obj\MQTTSubscribeServer.o
#        E:\Lock-GW\00007829-sdk-ameba-v4.0a\sdk-ameba-v4.0a\sdk-ameba-v4.0a\project\realtek_ameba1_va0_example\EWARM-RELEASE\Debug\Obj\MQTTUnsubscribeClient.o
#        E:\Lock-GW\00007829-sdk-ameba-v4.0a\sdk-ameba-v4.0a\sdk-ameba-v4.0a\project\realtek_ameba1_va0_example\EWARM-RELEASE\Debug\Obj\MQTTUnsubscribeServer.o
#        E:\Lock-GW\00007829-sdk-ameba-v4.0a\sdk-ameba-v4.0a\sdk-ameba-v4.0a\project\realtek_ameba1_va0_example\EWARM-RELEASE\Debug\Obj\net.o
#        E:\Lock-GW\00007829-sdk-ameba-v4.0a\sdk-ameba-v4.0a\sdk-ameba-v4.0a\project\realtek_ameba1_va0_example\EWARM-RELEASE\Debug\Obj\netbuf.o
#        E:\Lock-GW\00007829-sdk-ameba-v4.0a\sdk-ameba-v4.0a\sdk-ameba-v4.0a\project\realtek_ameba1_va0_example\EWARM-RELEASE\Debug\Obj\netdb.o
#        E:\Lock-GW\00007829-sdk-ameba-v4.0a\sdk-ameba-v4.0a\sdk-ameba-v4.0a\project\realtek_ameba1_va0_example\EWARM-RELEASE\Debug\Obj\netif.o
#        E:\Lock-GW\00007829-sdk-ameba-v4.0a\sdk-ameba-v4.0a\sdk-ameba-v4.0a\project\realtek_ameba1_va0_example\EWARM-RELEASE\Debug\Obj\netifapi.o
#        E:\Lock-GW\00007829-sdk-ameba-v4.0a\sdk-ameba-v4.0a\sdk-ameba-v4.0a\project\realtek_ameba1_va0_example\EWARM-RELEASE\Debug\Obj\nfc_api.o
#        E:\Lock-GW\00007829-sdk-ameba-v4.0a\sdk-ameba-v4.0a\sdk-ameba-v4.0a\project\realtek_ameba1_va0_example\EWARM-RELEASE\Debug\Obj\oid.o
#        E:\Lock-GW\00007829-sdk-ameba-v4.0a\sdk-ameba-v4.0a\sdk-ameba-v4.0a\project\realtek_ameba1_va0_example\EWARM-RELEASE\Debug\Obj\osdep_api.o
#        E:\Lock-GW\00007829-sdk-ameba-v4.0a\sdk-ameba-v4.0a\sdk-ameba-v4.0a\project\realtek_ameba1_va0_example\EWARM-RELEASE\Debug\Obj\osdep_service.o
#        E:\Lock-GW\00007829-sdk-ameba-v4.0a\sdk-ameba-v4.0a\sdk-ameba-v4.0a\project\realtek_ameba1_va0_example\EWARM-RELEASE\Debug\Obj\ota_8195a.o
#        E:\Lock-GW\00007829-sdk-ameba-v4.0a\sdk-ameba-v4.0a\sdk-ameba-v4.0a\project\realtek_ameba1_va0_example\EWARM-RELEASE\Debug\Obj\padlock.o
#        E:\Lock-GW\00007829-sdk-ameba-v4.0a\sdk-ameba-v4.0a\sdk-ameba-v4.0a\project\realtek_ameba1_va0_example\EWARM-RELEASE\Debug\Obj\pap.o
#        E:\Lock-GW\00007829-sdk-ameba-v4.0a\sdk-ameba-v4.0a\sdk-ameba-v4.0a\project\realtek_ameba1_va0_example\EWARM-RELEASE\Debug\Obj\pbkdf2.o
#        E:\Lock-GW\00007829-sdk-ameba-v4.0a\sdk-ameba-v4.0a\sdk-ameba-v4.0a\project\realtek_ameba1_va0_example\EWARM-RELEASE\Debug\Obj\pbuf.o
#        E:\Lock-GW\00007829-sdk-ameba-v4.0a\sdk-ameba-v4.0a\sdk-ameba-v4.0a\project\realtek_ameba1_va0_example\EWARM-RELEASE\Debug\Obj\pem.o
#        E:\Lock-GW\00007829-sdk-ameba-v4.0a\sdk-ameba-v4.0a\sdk-ameba-v4.0a\project\realtek_ameba1_va0_example\EWARM-RELEASE\Debug\Obj\ping_test.o
#        E:\Lock-GW\00007829-sdk-ameba-v4.0a\sdk-ameba-v4.0a\sdk-ameba-v4.0a\project\realtek_ameba1_va0_example\EWARM-RELEASE\Debug\Obj\pinmap.o
#        E:\Lock-GW\00007829-sdk-ameba-v4.0a\sdk-ameba-v4.0a\sdk-ameba-v4.0a\project\realtek_ameba1_va0_example\EWARM-RELEASE\Debug\Obj\pinmap_common.o
#        E:\Lock-GW\00007829-sdk-ameba-v4.0a\sdk-ameba-v4.0a\sdk-ameba-v4.0a\project\realtek_ameba1_va0_example\EWARM-RELEASE\Debug\Obj\pk.o
#        E:\Lock-GW\00007829-sdk-ameba-v4.0a\sdk-ameba-v4.0a\sdk-ameba-v4.0a\project\realtek_ameba1_va0_example\EWARM-RELEASE\Debug\Obj\pk_wrap.o
#        E:\Lock-GW\00007829-sdk-ameba-v4.0a\sdk-ameba-v4.0a\sdk-ameba-v4.0a\project\realtek_ameba1_va0_example\EWARM-RELEASE\Debug\Obj\pkcs11.o
#        E:\Lock-GW\00007829-sdk-ameba-v4.0a\sdk-ameba-v4.0a\sdk-ameba-v4.0a\project\realtek_ameba1_va0_example\EWARM-RELEASE\Debug\Obj\pkcs12.o
#        E:\Lock-GW\00007829-sdk-ameba-v4.0a\sdk-ameba-v4.0a\sdk-ameba-v4.0a\project\realtek_ameba1_va0_example\EWARM-RELEASE\Debug\Obj\pkcs5.o
#        E:\Lock-GW\00007829-sdk-ameba-v4.0a\sdk-ameba-v4.0a\sdk-ameba-v4.0a\project\realtek_ameba1_va0_example\EWARM-RELEASE\Debug\Obj\pkparse.o
#        E:\Lock-GW\00007829-sdk-ameba-v4.0a\sdk-ameba-v4.0a\sdk-ameba-v4.0a\project\realtek_ameba1_va0_example\EWARM-RELEASE\Debug\Obj\pkwrite.o
#        E:\Lock-GW\00007829-sdk-ameba-v4.0a\sdk-ameba-v4.0a\sdk-ameba-v4.0a\project\realtek_ameba1_va0_example\EWARM-RELEASE\Debug\Obj\platform.o
#        E:\Lock-GW\00007829-sdk-ameba-v4.0a\sdk-ameba-v4.0a\sdk-ameba-v4.0a\project\realtek_ameba1_va0_example\EWARM-RELEASE\Debug\Obj\port.o
#        E:\Lock-GW\00007829-sdk-ameba-v4.0a\sdk-ameba-v4.0a\sdk-ameba-v4.0a\project\realtek_ameba1_va0_example\EWARM-RELEASE\Debug\Obj\port_api.o
#        E:\Lock-GW\00007829-sdk-ameba-v4.0a\sdk-ameba-v4.0a\sdk-ameba-v4.0a\project\realtek_ameba1_va0_example\EWARM-RELEASE\Debug\Obj\portasm.o
#        E:\Lock-GW\00007829-sdk-ameba-v4.0a\sdk-ameba-v4.0a\sdk-ameba-v4.0a\project\realtek_ameba1_va0_example\EWARM-RELEASE\Debug\Obj\ppp.o
#        E:\Lock-GW\00007829-sdk-ameba-v4.0a\sdk-ameba-v4.0a\sdk-ameba-v4.0a\project\realtek_ameba1_va0_example\EWARM-RELEASE\Debug\Obj\ppp_oe.o
#        E:\Lock-GW\00007829-sdk-ameba-v4.0a\sdk-ameba-v4.0a\sdk-ameba-v4.0a\project\realtek_ameba1_va0_example\EWARM-RELEASE\Debug\Obj\pwmout_api.o
#        E:\Lock-GW\00007829-sdk-ameba-v4.0a\sdk-ameba-v4.0a\sdk-ameba-v4.0a\project\realtek_ameba1_va0_example\EWARM-RELEASE\Debug\Obj\queue.o
#        E:\Lock-GW\00007829-sdk-ameba-v4.0a\sdk-ameba-v4.0a\sdk-ameba-v4.0a\project\realtek_ameba1_va0_example\EWARM-RELEASE\Debug\Obj\randm.o
#        E:\Lock-GW\00007829-sdk-ameba-v4.0a\sdk-ameba-v4.0a\sdk-ameba-v4.0a\project\realtek_ameba1_va0_example\EWARM-RELEASE\Debug\Obj\raw.o
#        E:\Lock-GW\00007829-sdk-ameba-v4.0a\sdk-ameba-v4.0a\sdk-ameba-v4.0a\project\realtek_ameba1_va0_example\EWARM-RELEASE\Debug\Obj\ripemd160.o
#        E:\Lock-GW\00007829-sdk-ameba-v4.0a\sdk-ameba-v4.0a\sdk-ameba-v4.0a\component\soc\realtek\8195a\misc\bsp\lib\va0\rom.a
#        E:\Lock-GW\00007829-sdk-ameba-v4.0a\sdk-ameba-v4.0a\sdk-ameba-v4.0a\project\realtek_ameba1_va0_example\EWARM-RELEASE\Debug\Obj\rom_ssl_ram_map.o
#        E:\Lock-GW\00007829-sdk-ameba-v4.0a\sdk-ameba-v4.0a\sdk-ameba-v4.0a\project\realtek_ameba1_va0_example\EWARM-RELEASE\Debug\Obj\rsa.o
#        E:\Lock-GW\00007829-sdk-ameba-v4.0a\sdk-ameba-v4.0a\sdk-ameba-v4.0a\project\realtek_ameba1_va0_example\EWARM-RELEASE\Debug\Obj\rtc_api.o
#        E:\Lock-GW\00007829-sdk-ameba-v4.0a\sdk-ameba-v4.0a\sdk-ameba-v4.0a\project\realtek_ameba1_va0_example\EWARM-RELEASE\Debug\Obj\rtl8195a_adc.o
#        E:\Lock-GW\00007829-sdk-ameba-v4.0a\sdk-ameba-v4.0a\sdk-ameba-v4.0a\project\realtek_ameba1_va0_example\EWARM-RELEASE\Debug\Obj\rtl8195a_gdma.o
#        E:\Lock-GW\00007829-sdk-ameba-v4.0a\sdk-ameba-v4.0a\sdk-ameba-v4.0a\project\realtek_ameba1_va0_example\EWARM-RELEASE\Debug\Obj\rtl8195a_gpio.o
#        E:\Lock-GW\00007829-sdk-ameba-v4.0a\sdk-ameba-v4.0a\sdk-ameba-v4.0a\project\realtek_ameba1_va0_example\EWARM-RELEASE\Debug\Obj\rtl8195a_i2c.o
#        E:\Lock-GW\00007829-sdk-ameba-v4.0a\sdk-ameba-v4.0a\sdk-ameba-v4.0a\project\realtek_ameba1_va0_example\EWARM-RELEASE\Debug\Obj\rtl8195a_i2s.o
#        E:\Lock-GW\00007829-sdk-ameba-v4.0a\sdk-ameba-v4.0a\sdk-ameba-v4.0a\project\realtek_ameba1_va0_example\EWARM-RELEASE\Debug\Obj\rtl8195a_mii.o
#        E:\Lock-GW\00007829-sdk-ameba-v4.0a\sdk-ameba-v4.0a\sdk-ameba-v4.0a\project\realtek_ameba1_va0_example\EWARM-RELEASE\Debug\Obj\rtl8195a_nfc.o
#        E:\Lock-GW\00007829-sdk-ameba-v4.0a\sdk-ameba-v4.0a\sdk-ameba-v4.0a\project\realtek_ameba1_va0_example\EWARM-RELEASE\Debug\Obj\rtl8195a_pwm.o
#        E:\Lock-GW\00007829-sdk-ameba-v4.0a\sdk-ameba-v4.0a\sdk-ameba-v4.0a\project\realtek_ameba1_va0_example\EWARM-RELEASE\Debug\Obj\rtl8195a_ssi.o
#        E:\Lock-GW\00007829-sdk-ameba-v4.0a\sdk-ameba-v4.0a\sdk-ameba-v4.0a\project\realtek_ameba1_va0_example\EWARM-RELEASE\Debug\Obj\rtl8195a_timer.o
#        E:\Lock-GW\00007829-sdk-ameba-v4.0a\sdk-ameba-v4.0a\sdk-ameba-v4.0a\project\realtek_ameba1_va0_example\EWARM-RELEASE\Debug\Obj\rtl8195a_uart.o
#        E:\Lock-GW\00007829-sdk-ameba-v4.0a\sdk-ameba-v4.0a\sdk-ameba-v4.0a\project\realtek_ameba1_va0_example\EWARM-RELEASE\Debug\Obj\rtl_consol.o
#        E:\Lock-GW\00007829-sdk-ameba-v4.0a\sdk-ameba-v4.0a\sdk-ameba-v4.0a\project\realtek_ameba1_va0_example\EWARM-RELEASE\Debug\Obj\sdcard.o
#        E:\Lock-GW\00007829-sdk-ameba-v4.0a\sdk-ameba-v4.0a\sdk-ameba-v4.0a\project\realtek_ameba1_va0_example\EWARM-RELEASE\Debug\Obj\serial_api.o
#        E:\Lock-GW\00007829-sdk-ameba-v4.0a\sdk-ameba-v4.0a\sdk-ameba-v4.0a\project\realtek_ameba1_va0_example\EWARM-RELEASE\Debug\Obj\sgtl5000.o
#        E:\Lock-GW\00007829-sdk-ameba-v4.0a\sdk-ameba-v4.0a\sdk-ameba-v4.0a\project\realtek_ameba1_va0_example\EWARM-RELEASE\Debug\Obj\sha1.o
#        E:\Lock-GW\00007829-sdk-ameba-v4.0a\sdk-ameba-v4.0a\sdk-ameba-v4.0a\project\realtek_ameba1_va0_example\EWARM-RELEASE\Debug\Obj\sha256.o
#        E:\Lock-GW\00007829-sdk-ameba-v4.0a\sdk-ameba-v4.0a\sdk-ameba-v4.0a\project\realtek_ameba1_va0_example\EWARM-RELEASE\Debug\Obj\sha512.o
#        E:\Lock-GW\00007829-sdk-ameba-v4.0a\sdk-ameba-v4.0a\sdk-ameba-v4.0a\project\realtek_ameba1_va0_example\EWARM-RELEASE\Debug\Obj\shtc1.o
#        E:\Lock-GW\00007829-sdk-ameba-v4.0a\sdk-ameba-v4.0a\sdk-ameba-v4.0a\project\realtek_ameba1_va0_example\EWARM-RELEASE\Debug\Obj\sleep.o
#        E:\Lock-GW\00007829-sdk-ameba-v4.0a\sdk-ameba-v4.0a\sdk-ameba-v4.0a\project\realtek_ameba1_va0_example\EWARM-RELEASE\Debug\Obj\sntp.o
#        E:\Lock-GW\00007829-sdk-ameba-v4.0a\sdk-ameba-v4.0a\sdk-ameba-v4.0a\project\realtek_ameba1_va0_example\EWARM-RELEASE\Debug\Obj\sockets.o
#        E:\Lock-GW\00007829-sdk-ameba-v4.0a\sdk-ameba-v4.0a\sdk-ameba-v4.0a\project\realtek_ameba1_va0_example\EWARM-RELEASE\Debug\Obj\spdio_api.o
#        E:\Lock-GW\00007829-sdk-ameba-v4.0a\sdk-ameba-v4.0a\sdk-ameba-v4.0a\project\realtek_ameba1_va0_example\EWARM-RELEASE\Debug\Obj\spi_api.o
#        E:\Lock-GW\00007829-sdk-ameba-v4.0a\sdk-ameba-v4.0a\sdk-ameba-v4.0a\project\realtek_ameba1_va0_example\EWARM-RELEASE\Debug\Obj\ssl_cache.o
#        E:\Lock-GW\00007829-sdk-ameba-v4.0a\sdk-ameba-v4.0a\sdk-ameba-v4.0a\project\realtek_ameba1_va0_example\EWARM-RELEASE\Debug\Obj\ssl_ciphersuites.o
#        E:\Lock-GW\00007829-sdk-ameba-v4.0a\sdk-ameba-v4.0a\sdk-ameba-v4.0a\project\realtek_ameba1_va0_example\EWARM-RELEASE\Debug\Obj\ssl_cli.o
#        E:\Lock-GW\00007829-sdk-ameba-v4.0a\sdk-ameba-v4.0a\sdk-ameba-v4.0a\project\realtek_ameba1_va0_example\EWARM-RELEASE\Debug\Obj\ssl_client.o
#        E:\Lock-GW\00007829-sdk-ameba-v4.0a\sdk-ameba-v4.0a\sdk-ameba-v4.0a\project\realtek_ameba1_va0_example\EWARM-RELEASE\Debug\Obj\ssl_client_ext.o
#        E:\Lock-GW\00007829-sdk-ameba-v4.0a\sdk-ameba-v4.0a\sdk-ameba-v4.0a\project\realtek_ameba1_va0_example\EWARM-RELEASE\Debug\Obj\ssl_ram_map.o
#        E:\Lock-GW\00007829-sdk-ameba-v4.0a\sdk-ameba-v4.0a\sdk-ameba-v4.0a\project\realtek_ameba1_va0_example\EWARM-RELEASE\Debug\Obj\ssl_srv.o
#        E:\Lock-GW\00007829-sdk-ameba-v4.0a\sdk-ameba-v4.0a\sdk-ameba-v4.0a\project\realtek_ameba1_va0_example\EWARM-RELEASE\Debug\Obj\ssl_tls.o
#        E:\Lock-GW\00007829-sdk-ameba-v4.0a\sdk-ameba-v4.0a\sdk-ameba-v4.0a\project\realtek_ameba1_va0_example\EWARM-RELEASE\Debug\Obj\stats.o
#        E:\Lock-GW\00007829-sdk-ameba-v4.0a\sdk-ameba-v4.0a\sdk-ameba-v4.0a\project\realtek_ameba1_va0_example\EWARM-RELEASE\Debug\Obj\stdlib_patch.o
#        E:\Lock-GW\00007829-sdk-ameba-v4.0a\sdk-ameba-v4.0a\sdk-ameba-v4.0a\project\realtek_ameba1_va0_example\EWARM-RELEASE\Debug\Obj\sys.o
#        E:\Lock-GW\00007829-sdk-ameba-v4.0a\sdk-ameba-v4.0a\sdk-ameba-v4.0a\project\realtek_ameba1_va0_example\EWARM-RELEASE\Debug\Obj\sys_api.o
#        E:\Lock-GW\00007829-sdk-ameba-v4.0a\sdk-ameba-v4.0a\sdk-ameba-v4.0a\project\realtek_ameba1_va0_example\EWARM-RELEASE\Debug\Obj\sys_arch.o
#        E:\Lock-GW\00007829-sdk-ameba-v4.0a\sdk-ameba-v4.0a\sdk-ameba-v4.0a\project\realtek_ameba1_va0_example\EWARM-RELEASE\Debug\Obj\system_8195a.o
#        E:\Lock-GW\00007829-sdk-ameba-v4.0a\sdk-ameba-v4.0a\sdk-ameba-v4.0a\project\realtek_ameba1_va0_example\EWARM-RELEASE\Debug\Obj\tasks.o
#        E:\Lock-GW\00007829-sdk-ameba-v4.0a\sdk-ameba-v4.0a\sdk-ameba-v4.0a\project\realtek_ameba1_va0_example\EWARM-RELEASE\Debug\Obj\tcm_heap.o
#        E:\Lock-GW\00007829-sdk-ameba-v4.0a\sdk-ameba-v4.0a\sdk-ameba-v4.0a\project\realtek_ameba1_va0_example\EWARM-RELEASE\Debug\Obj\tcp.o
#        E:\Lock-GW\00007829-sdk-ameba-v4.0a\sdk-ameba-v4.0a\sdk-ameba-v4.0a\project\realtek_ameba1_va0_example\EWARM-RELEASE\Debug\Obj\tcp_in.o
#        E:\Lock-GW\00007829-sdk-ameba-v4.0a\sdk-ameba-v4.0a\sdk-ameba-v4.0a\project\realtek_ameba1_va0_example\EWARM-RELEASE\Debug\Obj\tcp_out.o
#        E:\Lock-GW\00007829-sdk-ameba-v4.0a\sdk-ameba-v4.0a\sdk-ameba-v4.0a\project\realtek_ameba1_va0_example\EWARM-RELEASE\Debug\Obj\tcpip.o
#        E:\Lock-GW\00007829-sdk-ameba-v4.0a\sdk-ameba-v4.0a\sdk-ameba-v4.0a\project\realtek_ameba1_va0_example\EWARM-RELEASE\Debug\Obj\tcptest.o
#        E:\Lock-GW\00007829-sdk-ameba-v4.0a\sdk-ameba-v4.0a\sdk-ameba-v4.0a\project\realtek_ameba1_va0_example\EWARM-RELEASE\Debug\Obj\threading.o
#        E:\Lock-GW\00007829-sdk-ameba-v4.0a\sdk-ameba-v4.0a\sdk-ameba-v4.0a\project\realtek_ameba1_va0_example\EWARM-RELEASE\Debug\Obj\timer_api.o
#        E:\Lock-GW\00007829-sdk-ameba-v4.0a\sdk-ameba-v4.0a\sdk-ameba-v4.0a\project\realtek_ameba1_va0_example\EWARM-RELEASE\Debug\Obj\timers.o
#        E:\Lock-GW\00007829-sdk-ameba-v4.0a\sdk-ameba-v4.0a\sdk-ameba-v4.0a\project\realtek_ameba1_va0_example\EWARM-RELEASE\Debug\Obj\timing.o
#        E:\Lock-GW\00007829-sdk-ameba-v4.0a\sdk-ameba-v4.0a\sdk-ameba-v4.0a\project\realtek_ameba1_va0_example\EWARM-RELEASE\Debug\Obj\tls_polarssl.o
#        E:\Lock-GW\00007829-sdk-ameba-v4.0a\sdk-ameba-v4.0a\sdk-ameba-v4.0a\project\realtek_ameba1_va0_example\EWARM-RELEASE\Debug\Obj\uart_adapter.o
#        E:\Lock-GW\00007829-sdk-ameba-v4.0a\sdk-ameba-v4.0a\sdk-ameba-v4.0a\project\realtek_ameba1_va0_example\EWARM-RELEASE\Debug\Obj\uart_fw_update.o
#        E:\Lock-GW\00007829-sdk-ameba-v4.0a\sdk-ameba-v4.0a\sdk-ameba-v4.0a\project\realtek_ameba1_va0_example\EWARM-RELEASE\Debug\Obj\uart_socket.o
#        E:\Lock-GW\00007829-sdk-ameba-v4.0a\sdk-ameba-v4.0a\sdk-ameba-v4.0a\project\realtek_ameba1_va0_example\EWARM-RELEASE\Debug\Obj\udp.o
#        E:\Lock-GW\00007829-sdk-ameba-v4.0a\sdk-ameba-v4.0a\sdk-ameba-v4.0a\project\realtek_ameba1_va0_example\EWARM-RELEASE\Debug\Obj\us_ticker.o
#        E:\Lock-GW\00007829-sdk-ameba-v4.0a\sdk-ameba-v4.0a\sdk-ameba-v4.0a\project\realtek_ameba1_va0_example\EWARM-RELEASE\Debug\Obj\us_ticker_api.o
#        E:\Lock-GW\00007829-sdk-ameba-v4.0a\sdk-ameba-v4.0a\sdk-ameba-v4.0a\project\realtek_ameba1_va0_example\EWARM-RELEASE\Debug\Obj\usbdisk.o
#        E:\Lock-GW\00007829-sdk-ameba-v4.0a\sdk-ameba-v4.0a\sdk-ameba-v4.0a\project\realtek_ameba1_va0_example\EWARM-RELEASE\Debug\Obj\version.o
#        E:\Lock-GW\00007829-sdk-ameba-v4.0a\sdk-ameba-v4.0a\sdk-ameba-v4.0a\project\realtek_ameba1_va0_example\EWARM-RELEASE\Debug\Obj\version_features.o
#        E:\Lock-GW\00007829-sdk-ameba-v4.0a\sdk-ameba-v4.0a\sdk-ameba-v4.0a\project\realtek_ameba1_va0_example\EWARM-RELEASE\Debug\Obj\vj.o
#        E:\Lock-GW\00007829-sdk-ameba-v4.0a\sdk-ameba-v4.0a\sdk-ameba-v4.0a\project\realtek_ameba1_va0_example\EWARM-RELEASE\Debug\Obj\wait_api.o
#        E:\Lock-GW\00007829-sdk-ameba-v4.0a\sdk-ameba-v4.0a\sdk-ameba-v4.0a\project\realtek_ameba1_va0_example\EWARM-RELEASE\Debug\Obj\wdt_api.o
#        E:\Lock-GW\00007829-sdk-ameba-v4.0a\sdk-ameba-v4.0a\sdk-ameba-v4.0a\project\realtek_ameba1_va0_example\EWARM-RELEASE\Debug\Obj\webserver.o
#        E:\Lock-GW\00007829-sdk-ameba-v4.0a\sdk-ameba-v4.0a\sdk-ameba-v4.0a\project\realtek_ameba1_va0_example\EWARM-RELEASE\Debug\Obj\wifi_conf.o
#        E:\Lock-GW\00007829-sdk-ameba-v4.0a\sdk-ameba-v4.0a\sdk-ameba-v4.0a\project\realtek_ameba1_va0_example\EWARM-RELEASE\Debug\Obj\wifi_eap_config.o
#        E:\Lock-GW\00007829-sdk-ameba-v4.0a\sdk-ameba-v4.0a\sdk-ameba-v4.0a\project\realtek_ameba1_va0_example\EWARM-RELEASE\Debug\Obj\wifi_ind.o
#        E:\Lock-GW\00007829-sdk-ameba-v4.0a\sdk-ameba-v4.0a\sdk-ameba-v4.0a\project\realtek_ameba1_va0_example\EWARM-RELEASE\Debug\Obj\wifi_p2p_config.o
#        E:\Lock-GW\00007829-sdk-ameba-v4.0a\sdk-ameba-v4.0a\sdk-ameba-v4.0a\project\realtek_ameba1_va0_example\EWARM-RELEASE\Debug\Obj\wifi_promisc.o
#        E:\Lock-GW\00007829-sdk-ameba-v4.0a\sdk-ameba-v4.0a\sdk-ameba-v4.0a\project\realtek_ameba1_va0_example\EWARM-RELEASE\Debug\Obj\wifi_simple_config.o
#        E:\Lock-GW\00007829-sdk-ameba-v4.0a\sdk-ameba-v4.0a\sdk-ameba-v4.0a\project\realtek_ameba1_va0_example\EWARM-RELEASE\Debug\Obj\wifi_util.o
#        E:\Lock-GW\00007829-sdk-ameba-v4.0a\sdk-ameba-v4.0a\sdk-ameba-v4.0a\project\realtek_ameba1_va0_example\EWARM-RELEASE\Debug\Obj\wifi_wps_config.o
#        E:\Lock-GW\00007829-sdk-ameba-v4.0a\sdk-ameba-v4.0a\sdk-ameba-v4.0a\project\realtek_ameba1_va0_example\EWARM-RELEASE\Debug\Obj\wigadget.o
#        E:\Lock-GW\00007829-sdk-ameba-v4.0a\sdk-ameba-v4.0a\sdk-ameba-v4.0a\project\realtek_ameba1_va0_example\EWARM-RELEASE\Debug\Obj\wlan_network.o
#        E:\Lock-GW\00007829-sdk-ameba-v4.0a\sdk-ameba-v4.0a\sdk-ameba-v4.0a\project\realtek_ameba1_va0_example\EWARM-RELEASE\Debug\Obj\wsclient_tls.o
#        E:\Lock-GW\00007829-sdk-ameba-v4.0a\sdk-ameba-v4.0a\sdk-ameba-v4.0a\project\realtek_ameba1_va0_example\EWARM-RELEASE\Debug\Obj\x509.o
#        E:\Lock-GW\00007829-sdk-ameba-v4.0a\sdk-ameba-v4.0a\sdk-ameba-v4.0a\project\realtek_ameba1_va0_example\EWARM-RELEASE\Debug\Obj\x509_create.o
#        E:\Lock-GW\00007829-sdk-ameba-v4.0a\sdk-ameba-v4.0a\sdk-ameba-v4.0a\project\realtek_ameba1_va0_example\EWARM-RELEASE\Debug\Obj\x509_crl.o
#        E:\Lock-GW\00007829-sdk-ameba-v4.0a\sdk-ameba-v4.0a\sdk-ameba-v4.0a\project\realtek_ameba1_va0_example\EWARM-RELEASE\Debug\Obj\x509_crt.o
#        E:\Lock-GW\00007829-sdk-ameba-v4.0a\sdk-ameba-v4.0a\sdk-ameba-v4.0a\project\realtek_ameba1_va0_example\EWARM-RELEASE\Debug\Obj\x509_csr.o
#        E:\Lock-GW\00007829-sdk-ameba-v4.0a\sdk-ameba-v4.0a\sdk-ameba-v4.0a\project\realtek_ameba1_va0_example\EWARM-RELEASE\Debug\Obj\x509write_crt.o
#        E:\Lock-GW\00007829-sdk-ameba-v4.0a\sdk-ameba-v4.0a\sdk-ameba-v4.0a\project\realtek_ameba1_va0_example\EWARM-RELEASE\Debug\Obj\x509write_csr.o
#        E:\Lock-GW\00007829-sdk-ameba-v4.0a\sdk-ameba-v4.0a\sdk-ameba-v4.0a\project\realtek_ameba1_va0_example\EWARM-RELEASE\Debug\Obj\xml.o
#        E:\Lock-GW\00007829-sdk-ameba-v4.0a\sdk-ameba-v4.0a\sdk-ameba-v4.0a\project\realtek_ameba1_va0_example\EWARM-RELEASE\Debug\Obj\xtea.o
#        -o
#        E:\Lock-GW\00007829-sdk-ameba-v4.0a\sdk-ameba-v4.0a\sdk-ameba-v4.0a\project\realtek_ameba1_va0_example\EWARM-RELEASE\Debug\Exe\application.axf
#        --redirect _Printf=_PrintfTiny --redirect _Scanf=_ScanfSmallNoMb
#        --keep bootloader --keep gImage2EntryFun0 --keep RAM_IMG2_VALID_PATTEN
#        --image_input=E:\Lock-GW\00007829-sdk-ameba-v4.0a\sdk-ameba-v4.0a\sdk-ameba-v4.0a\project\realtek_ameba1_va0_example\EWARM-RELEASE\..\..\..\component\soc\realtek\8195a\misc\bsp\image\ram_1.r.bin,bootloader,LOADER,4
#        --map
#        E:\Lock-GW\00007829-sdk-ameba-v4.0a\sdk-ameba-v4.0a\sdk-ameba-v4.0a\project\realtek_ameba1_va0_example\EWARM-RELEASE\Debug\List\application.map
#        --log veneers --log_file
#        E:\Lock-GW\00007829-sdk-ameba-v4.0a\sdk-ameba-v4.0a\sdk-ameba-v4.0a\project\realtek_ameba1_va0_example\EWARM-RELEASE\Debug\List\application.log
#        --config
#        E:\Lock-GW\00007829-sdk-ameba-v4.0a\sdk-ameba-v4.0a\sdk-ameba-v4.0a\project\realtek_ameba1_va0_example\EWARM-RELEASE\image2.icf
#        --diag_suppress Lt009,Lp005,Lp006 --redirect malloc=pvPortMalloc
#        --redirect realloc=pvPortReAlloc --redirect free=vPortFree --entry
#        Reset_Handler --no_exceptions --no_vfe)
#
###############################################################################

*******************************************************************************
*** RUNTIME MODEL ATTRIBUTES
***

CppFlavor                     = *
__SystemLibrary               = DLib
__dlib_dynamic_initialization = normal


*******************************************************************************
*** PLACEMENT SUMMARY
***

"A1":  place at start of [0x00000000-0x000fffff] { section .rom };
"A2":  place at start of [0x10000000-0x10005fff] {
          block .vector_table, block .user_vector_table, block .user_data_table,
          block .rom.bss, block IMAGE1 };
"A3":  place at start of [0x10006000-0x1006ffff] {
          block IMAGE2, block .ram.bss };
"A4":  place at end of [0x10006000-0x1006ffff] { block .bf_data };
"A5":  place at start of [0x30000000-0x301fffff] { block SDRAM, block SDRBSS };
"A6":  place at start of [0x1fff0000-0x1fffffff] { overlay TCM_overlay };

  Section                 Kind        Address     Size  Object
  -------                 ----        -------     ----  ------
"A1":                                          0x43830
  .rom                    ro code  0x00000000  0x43828  rom.o [21]
  Veneer                  ro code  0x00043828      0x8  - Linker created -
                                 - 0x00043830  0x43830

"A2":                                           0x45f0
  .vector_table                    0x10000000    0x100  <Block>
    .ram_dedecated_vector_table
                          rw data  0x10000000    0x100  rom.o [21]
  .user_vector_table               0x10000100    0x100  <Block>
    .ram_user_define_irq_table
                          rw data  0x10000100    0x100  rom.o [21]
  .user_data_table                 0x10000200    0x100  <Block>
    .ram_user_define_data_table
                          rw data  0x10000200    0x100  rom.o [21]
  .rom.bss                         0x10000300    0x8c8  <Block>
    .hal.ram.bss          rw data  0x10000300     0x58  rom.o [21]
    .timer2_7_vector_table.data
                          rw data  0x10000358     0x18  rom.o [21]
    .infra.ram.bss        rw data  0x10000370     0x14  rom.o [21]
    .mon.ram.bss          zero     0x10000384    0x324  rtl_consol.o [2]
    .mon.ram.bss          zero     0x100006a8      0x4  rtl_consol.o [2]
    .mon.ram.bss          zero     0x100006ac     0x28  rtl_consol.o [2]
    .wlan_ram_map         rw data  0x100006d4      0x8  rom_wlan_ram_map.o [21]
    .wlan_ram_map         rw data  0x100006e0     0x80  rom.o [21]
    .libc.ram.bss         rw data  0x10000760    0x468  rom.o [21]
  IMAGE1                           0x10000bc8   0x3a28  <Block>
    LOADER                const    0x10000bc8   0x3a28  ram_1.r.bin [1]
                                 - 0x100045f0   0x45f0

"A3":                                          0x46738
  IMAGE2                           0x10006000  0x3ed90  <Block>
    .image2.start.table1           0x10006000      0x4  <Block>
      .image2.ram.data    rw data  0x10006000      0x4  startup.o [11]
    .image2.start.table2           0x10006004     0x14  <Block>
      .image2.validate.rodata
                          const    0x10006004     0x14  startup.o [11]
    .ram_image2.text               0x10006018  0x3d014  <Block>
      Veneer              ro code  0x10006018      0x8  - Linker created -
      Veneer              ro code  0x10006020      0x8  - Linker created -
      .infra.ram.start    ro code  0x10006028    0x114  startup.o [11]
      .rodata             const    0x1000613c     0x50  atcmd_sys.o [2]
      .rodata             const    0x1000618c    0x4d0  atcmd_wifi.o [2]
      .rodata             const    0x1000665c    0x144  freertos_service.o [2]
      .rodata             const    0x100067a0      0x8  ip_addr.o [2]
      .rodata             const    0x100067a8     0x10  log_service.o [2]
      .rodata             const    0x100067b8      0x8  rtw_mlme_ext.o [17]
      .rodata             const    0x100067c0      0x8  rtw_wlan_util.o [17]
      .rodata             const    0x100067c8   0x13d0  rom_rtw_message_e.o [17]
      .rodata             const    0x10007b98     0x10  lxbus_hci_intf.o [17]
      .rodata             const    0x10007ba8    0x184  rom_rtw_message_f.o [17]
      .rodata             const    0x10007d2c     0x30  phydm_PowerTracking.o [17]
      .rodata             const    0x10007d5c    0x498  halhwimg8195a_rf.o [17]
      .rodata             const    0x100081f4      0x0  zero_init3.o [22]
      CPP_INIT                     0x100081f8      0x0  <Block>
        SHT$$PREINIT_ARRAY
                                   0x100081f8      0x0  <Block>
        SHT$$INIT_ARRAY            0x100081f8      0x0  <Block>
      Veneer              ro code  0x100081f8      0x8  - Linker created -
      Veneer              ro code  0x10008200      0x8  - Linker created -
      Veneer              ro code  0x10008208      0x8  - Linker created -
      .hal.flash.text     ro code  0x10008210   0x10d8  hal_spi_flash_ram.o [11]
      .text               ro code  0x100092e8     0x1a  main.o [2]
      .text               ro code  0x10009304    0x47c  api_lib.o [2]
      .text               ro code  0x10009780    0xb40  api_msg.o [2]
      .text               ro code  0x1000a2c0    0x1fa  sys_arch.o [2]
      .text               ro code  0x1000a4ba     0x1e  xsscin.o [4]
      .text               ro code  0x1000a4d8     0xd0  memp.o [2]
      .text               ro code  0x1000a5a8    0x214  tcpip.o [2]
      .text               ro code  0x1000a7bc    0x45e  pbuf.o [2]
      .text               ro code  0x1000ac1a     0x72  netbuf.o [2]
      .text               ro code  0x1000ac8c    0xb28  tcp.o [2]
      .text               ro code  0x1000b7b4    0x410  udp.o [2]
      .text               ro code  0x1000bbc4    0x174  raw.o [2]
      .text               ro code  0x1000bd38    0xa42  tcp_out.o [2]
      Veneer              ro code  0x1000c77c      0x8  - Linker created -
      Veneer              ro code  0x1000c784      0x8  - Linker created -
      Veneer              ro code  0x1000c78c      0x8  - Linker created -
      Veneer              ro code  0x1000c794      0x8  - Linker created -
      Veneer              ro code  0x1000c79c      0x8  - Linker created -
      Veneer              ro code  0x1000c7a4      0x8  - Linker created -
      Veneer              ro code  0x1000c7ac      0x8  - Linker created -
      Veneer              ro code  0x1000c7b4      0x8  - Linker created -
      Veneer              ro code  0x1000c7bc      0x8  - Linker created -
      Veneer              ro code  0x1000c7c4      0x8  - Linker created -
      Veneer              ro code  0x1000c7cc      0x8  - Linker created -
      Veneer              ro code  0x1000c7d4      0x8  - Linker created -
      Veneer              ro code  0x1000c7dc      0x8  - Linker created -
      Veneer              ro code  0x1000c7e4      0x8  - Linker created -
      .text               ro code  0x1000c7ec    0x144  ram_libc.o [12]
      .text               ro code  0x1000c930    0x6a8  dns.o [2]
      .text               ro code  0x1000cfd8    0x4a2  queue.o [2]
      .text               ro code  0x1000d47c    0x8a0  tasks.o [2]
      .text               ro code  0x1000dd1c    0x218  port.o [2]
      .text               ro code  0x1000df34    0x14a  tcm_heap.o [2]
      .text               ro code  0x1000e080    0x234  lwip_timers.o [2]
      .text               ro code  0x1000e2b4    0x718  etharp.o [2]
      .text               ro code  0x1000e9cc    0x354  ip.o [2]
      .text               ro code  0x1000ed20     0x2e  init.o [2]
      .text               ro code  0x1000ed50    0x264  mem.o [2]
      .text               ro code  0x1000efb4    0x1da  ip_addr.o [2]
      .text               ro code  0x1000f18e     0x26  def.o [2]
      .text               ro code  0x1000f1b4    0x132  inet_chksum.o [2]
      .text               ro code  0x1000f2e8    0x188  icmp.o [2]
      .text               ro code  0x1000f470    0x104  ram_libgloss_retarget.o [12]
      .text               ro code  0x1000f574     0xe0  rand.o [4]
      .text               ro code  0x1000f654     0x8e  list.o [2]
      .text               ro code  0x1000f6e4    0x1a4  heap_5.o [2]
      .text               ro code  0x1000f888    0x34c  timers.o [2]
      .text               ro code  0x1000fbd4    0x190  freertos_pmu_8195a.o [11]
      .text               ro code  0x1000fd64    0x504  osdep_service.o [2]
      .text               ro code  0x10010268    0x504  ip_frag.o [2]
      .text               ro code  0x1001076c    0xd62  dhcp.o [2]
      .text               ro code  0x100114d0    0x2e0  autoip.o [2]
      .text               ro code  0x100117b0    0x3f0  igmp.o [2]
      .text               ro code  0x10011ba0      0x6  ABImemclr.o [22]
      .text               ro code  0x10011ba8    0xec0  tcp_in.o [2]
      .text               ro code  0x10012a68    0x18a  netif.o [2]
      .text               ro code  0x10012bf4    0xc28  sockets.o [2]
      Veneer              ro code  0x1001381c      0x8  - Linker created -
      .text               ro code  0x10013824     0x54  low_level_io.o [2]
      .text               ro code  0x10013878      0x2  xtls.o [4]
      .text               ro code  0x1001387c     0x30  us_ticker.o [2]
      .text               ro code  0x100138ac    0x2b4  sys_api.o [2]
      .text               ro code  0x10013b60     0x14  sleep.o [2]
      .text               ro code  0x10013b74     0x1c  cmsis_os.o [2]
      .text               ro code  0x10013b90     0x1c  I32ToDbl.o [20]
      .text               ro code  0x10013bac    0x1a2  DblMul.o [20]
      .text               ro code  0x10013d50     0x2c  DblToI32.o [20]
      .text               ro code  0x10013d7c     0x20  srand.o [4]
      .text               ro code  0x10013d9c     0x66  ABImemset.o [22]
      Veneer              ro code  0x10013e04      0x8  - Linker created -
      .text               ro code  0x10013e0c      0xa  hal_pinmux.o [11]
      .text               ro code  0x10013e18    0x2dc  flash_api.o [2]
      .text               ro code  0x100140f4      0x8  osdep_api.o [2]
      .text               ro code  0x100140fc     0xa8  device_lock.o [2]
      .text               ro code  0x100141a4     0x14  hal_sdr_controller.o [2]
      Veneer              ro code  0x100141b8      0x8  - Linker created -
      Veneer              ro code  0x100141c0      0x8  - Linker created -
      Veneer              ro code  0x100141c8      0x8  - Linker created -
      Veneer              ro code  0x100141d0      0x8  - Linker created -
      Veneer              ro code  0x100141d8      0x8  - Linker created -
      Veneer              ro code  0x100141e0      0x8  - Linker created -
      Veneer              ro code  0x100141e8      0x8  - Linker created -
      Veneer              ro code  0x100141f0      0x8  - Linker created -
      Veneer              ro code  0x100141f8      0x8  - Linker created -
      .text               ro code  0x10014200    0x5dc  hal_soc_ps_monitor.o [11]
      .text               ro code  0x100147dc     0x76  ABImemcpy_unaligned.o [22]
      Veneer              ro code  0x10014854      0x8  - Linker created -
      Veneer              ro code  0x1001485c      0x8  - Linker created -
      Veneer              ro code  0x10014864      0x8  - Linker created -
      Veneer              ro code  0x1001486c      0x8  - Linker created -
      .text               ro code  0x10014874    0x6f8  atcmd_sys.o [2]
      .text               ro code  0x10014f6c    0x474  log_service.o [2]
      .text               ro code  0x100153e0      0x6  ABImemclr4.o [22]
      .text               ro code  0x100153e8    0xe34  wifi_util.o [2]
      .text               ro code  0x1001621c   0x17a8  atcmd_wifi.o [2]
      .text               ro code  0x100179c4     0x32  ABImemset48.o [22]
      .text               ro code  0x100179f8     0x24  sscanf.o [4]
      .text               ro code  0x10017a1c     0xb4  wifi_ind.o [2]
      .text               ro code  0x10017ad0   0x17fc  wifi_conf.o [2]
      .text               ro code  0x100192cc    0x3e8  lwip_netconf.o [2]
      .text               ro code  0x100196b4   0x1af4  wifi_simple_config.o [2]
      .text               ro code  0x1001b1a8    0x7ca  dhcps.o [2]
      .text               ro code  0x1001b974    0x3a4  wifi_promisc.o [2]
      .text               ro code  0x1001bd18    0xa90  ota_8195a.o [2]
      .text               ro code  0x1001c7a8    0x61c  ping_test.o [2]
      .text               ro code  0x1001cdc4    0x508  xscanfsmall_nomb.o [4]
      .text               ro code  0x1001d2cc     0x40  netdb.o [2]
      .text               ro code  0x1001d30c     0x16  strchr.o [22]
      .text               ro code  0x1001d322     0x86  xstol.o [4]
      .text               ro code  0x1001d3a8    0x19c  xstoul.o [4]
      .text               ro code  0x1001d544      0xc  errno.o [4]
      .text               ro code  0x1001d550     0x58  memchr.o [22]
      .text               ro code  0x1001d5a8    0x154  ethernetif.o [2]
      .text               ro code  0x1001d6fc    0x278  lwip_intf.o [2]
      .text               ro code  0x1001d974    0x6d4  freertos_service.o [2]
      .text               ro code  0x1001e048    0x2f8  example_wlan_fast_connect.o [2]
      .text               ro code  0x1001e340     0x90  hal_32k.o [2]
      .text               ro code  0x1001e3d0     0x3c  hal_timer.o [2]
      Veneer              ro code  0x1001e40c      0x8  - Linker created -
      Veneer              ro code  0x1001e414      0x8  - Linker created -
      Veneer              ro code  0x1001e41c      0x8  - Linker created -
      .text               ro code  0x1001e424    0x448  rtl8195a_timer.o [2]
      Veneer              ro code  0x1001e86c      0x8  - Linker created -
      Veneer              ro code  0x1001e874      0x8  - Linker created -
      Veneer              ro code  0x1001e87c      0x8  - Linker created -
      Veneer              ro code  0x1001e884      0x8  - Linker created -
      Veneer              ro code  0x1001e88c      0x8  - Linker created -
      Veneer              ro code  0x1001e894      0x8  - Linker created -
      Veneer              ro code  0x1001e89c      0x8  - Linker created -
      Veneer              ro code  0x1001e8a4      0x8  - Linker created -
      .text               ro code  0x1001e8ac    0x28c  rtl_consol.o [2]
      .text               ro code  0x1001eb38     0x14  system_8195a.o [2]
      .text               ro code  0x1001eb4c     0x16  wifi_eap_config.o [2]
      .text               ro code  0x1001eb64     0xdc  wlan_network.o [2]
      Veneer              ro code  0x1001ec40      0x8  - Linker created -
      Veneer              ro code  0x1001ec48      0x8  - Linker created -
      .text               ro code  0x1001ec50    0x21e  startup.o [11]
      .text               ro code  0x1001ee70     0x38  startup.o [11]
      Veneer              ro code  0x1001eea8      0x8  - Linker created -
      Veneer              ro code  0x1001eeb0      0x8  - Linker created -
      .text               ro code  0x1001eeb8     0x98  hal_efuse.o [11]
      Veneer              ro code  0x1001ef50      0x8  - Linker created -
      Veneer              ro code  0x1001ef58      0x8  - Linker created -
      Veneer              ro code  0x1001ef60      0x8  - Linker created -
      .text               ro code  0x1001ef68    0x12e  hal_crypto.o [11]
      .text               ro code  0x1001f098     0x10  hal_common.o [11]
      .text               ro code  0x1001f0a8     0x4c  app_start.o [11]
      .text               ro code  0x1001f0f4      0x2  app_start.o [11]
      .text               ro code  0x1001f0f8     0x20  cmain_call_ctors.o [22]
      .text               ro code  0x1001f118     0x28  data_init.o [22]
      .text               ro code  0x1001f140     0x18  cppinit.o [4]
      .text               ro code  0x1001f158     0x1e  U64Shr.o [22]
      .text               ro code  0x1001f176      0x6  example_entry.o [2]
      .text               ro code  0x1001f17c     0x40  zero_init3.o [22]
      .wlan.text          ro code  0x1001f1bc    0xc74  rtk_wlan_if.o [17]
      .wlan.text          ro code  0x1001fe30    0x3a8  freertos_skbuff.o [17]
      .wlan.text          ro code  0x100201d8    0xac4  freertos_intfs.o [17]
      Veneer              ro code  0x10020c9c      0x8  - Linker created -
      Veneer              ro code  0x10020ca4      0x8  - Linker created -
      Veneer              ro code  0x10020cac      0x8  - Linker created -
      Veneer              ro code  0x10020cb4      0x8  - Linker created -
      Veneer              ro code  0x10020cbc      0x8  - Linker created -
      .wlan.text          ro code  0x10020cc4   0x3060  freertos_ioctl.o [17]
      Veneer              ro code  0x10023d24      0x8  - Linker created -
      .wlan.text          ro code  0x10023d2c    0xfcc  rtw_cmd.o [17]
      .wlan.text          ro code  0x10024cf8    0x190  netdev.o [17]
      .wlan.text          ro code  0x10024e88    0x38e  hal_intf.o [17]
      .wlan.text          ro code  0x10025218    0x7e0  lxbus_halinit.o [17]
      .wlan.text          ro code  0x100259f8    0x370  rtw_intfs.o [17]
      Veneer              ro code  0x10025d68      0x8  - Linker created -
      Veneer              ro code  0x10025d70      0x8  - Linker created -
      Veneer              ro code  0x10025d78      0x8  - Linker created -
      Veneer              ro code  0x10025d80      0x8  - Linker created -
      Veneer              ro code  0x10025d88      0x8  - Linker created -
      Veneer              ro code  0x10025d90      0x8  - Linker created -
      .wlan.text          ro code  0x10025d98   0x172c  rtw_ap.o [17]
      Veneer              ro code  0x100274c4      0x8  - Linker created -
      Veneer              ro code  0x100274cc      0x8  - Linker created -
      Veneer              ro code  0x100274d4      0x8  - Linker created -
      Veneer              ro code  0x100274dc      0x8  - Linker created -
      .wlan.text          ro code  0x100274e4   0x4a54  rtw_mlme_ext.o [17]
      .wlan.text          ro code  0x1002bf38   0x13f4  rtw_mlme.o [17]
      .wlan.text          ro code  0x1002d32c    0x206  rtw_ieee80211.o [17]
      .wlan.text          ro code  0x1002d534     0x38  hci_intfs.o [17]
      .wlan.text          ro code  0x1002d56c    0x71c  rtw_pwrctrl.o [17]
      .wlan.text          ro code  0x1002dc88    0x572  rtw_ioctl_set.o [17]
      .wlan.text          ro code  0x1002e1fc    0xe24  rtw_wlan_util.o [17]
      Veneer              ro code  0x1002f020      0x8  - Linker created -
      Veneer              ro code  0x1002f028      0x8  - Linker created -
      Veneer              ro code  0x1002f030      0x8  - Linker created -
      Veneer              ro code  0x1002f038      0x8  - Linker created -
      Veneer              ro code  0x1002f040      0x8  - Linker created -
      Veneer              ro code  0x1002f048      0x8  - Linker created -
      Veneer              ro code  0x1002f050      0x8  - Linker created -
      Veneer              ro code  0x1002f058      0x8  - Linker created -
      Veneer              ro code  0x1002f060      0x8  - Linker created -
      .wlan.text          ro code  0x1002f068   0x1d30  rtw_psk.o [17]
      .wlan.text          ro code  0x10030d98     0x54  rtw_io.o [17]
      .wlan.text          ro code  0x10030dec    0x35e  phydm_ACS.o [17]
      .wlan.text          ro code  0x1003114c    0x648  rtw_sta_mgt.o [17]
      .wlan.text          ro code  0x10031794    0x538  hal_com.o [17]
      .wlan.text          ro code  0x10031ccc    0xa3c  hal_com_phycfg.o [17]
      Veneer              ro code  0x10032708      0x8  - Linker created -
      .wlan.text          ro code  0x10032710   0x265c  rtl8195a_hal_init.o [17]
      .wlan.text          ro code  0x10034d6c    0x2d6  rtw_efuse.o [17]
      .wlan.text          ro code  0x10035044    0x21c  halhwimg8195a_bb.o [17]
      .wlan.text          ro code  0x10035260    0xf98  lxbus_ops.o [17]
      .wlan.text          ro code  0x100361f8   0x1aec  rtl8195a_pmu_task.o [17]
      Veneer              ro code  0x10037ce4      0x8  - Linker created -
      Veneer              ro code  0x10037cec      0x8  - Linker created -
      Veneer              ro code  0x10037cf4      0x8  - Linker created -
      Veneer              ro code  0x10037cfc      0x8  - Linker created -
      .wlan.text          ro code  0x10037d04    0xa26  rtl8195a_phycfg.o [17]
      .wlan.text          ro code  0x1003872c    0x52a  rtl8195a_dm.o [17]
      .wlan.text          ro code  0x10038c58   0x132c  HalPhyRf_8195A.o [17]
      .wlan.text          ro code  0x10039f84     0xdc  HalPwrSeqCmd.o [17]
      .wlan.text          ro code  0x1003a060     0x18  wlan_ram_map.o [17]
      Veneer              ro code  0x1003a078      0x8  - Linker created -
      Veneer              ro code  0x1003a080      0x8  - Linker created -
      Veneer              ro code  0x1003a088      0x8  - Linker created -
      .wlan.text          ro code  0x1003a090   0x16a8  rtw_xmit.o [17]
      Veneer              ro code  0x1003b738      0x8  - Linker created -
      .wlan.text          ro code  0x1003b740   0x13ec  rtw_recv.o [17]
      Veneer              ro code  0x1003cb2c      0x8  - Linker created -
      Veneer              ro code  0x1003cb34      0x8  - Linker created -
      Veneer              ro code  0x1003cb3c      0x8  - Linker created -
      Veneer              ro code  0x1003cb44      0x8  - Linker created -
      Veneer              ro code  0x1003cb4c      0x8  - Linker created -
      Veneer              ro code  0x1003cb54      0x8  - Linker created -
      .wlan.text          ro code  0x1003cb5c    0x2e4  rtw_security.o [17]
      .wlan.text          ro code  0x1003ce40     0xfc  freertos_xmit.o [17]
      .wlan.text          ro code  0x1003cf3c     0x58  phydm_interface.o [17]
      .wlan.text          ro code  0x1003cf94    0x5d4  rtl8195a_cmd.o [17]
      .wlan.text          ro code  0x1003d568    0x2f8  phydm_RaInfo.o [17]
      .wlan.text          ro code  0x1003d860    0x7a0  phydm_DIG.o [17]
      .wlan.text          ro code  0x1003e000    0x338  PhyDM_Adaptivity.o [17]
      .wlan.text          ro code  0x1003e338    0x486  phydm.o [17]
      .wlan.text          ro code  0x1003e7c0     0xda  phydm_RegConfig8195A.o [17]
      .wlan.text          ro code  0x1003e89c    0x902  rtl8195a_xmit.o [17]
      .wlan.text          ro code  0x1003f1a0    0x25e  rtl8195a_rxdesc.o [17]
      .wlan.text          ro code  0x1003f400    0x804  Hal8195ARateAdaptive.o [17]
      Veneer              ro code  0x1003fc04      0x8  - Linker created -
      Veneer              ro code  0x1003fc0c      0x8  - Linker created -
      .wlan.text          ro code  0x1003fc14    0x2da  phydm_HWConfig.o [17]
      .wlan.text          ro code  0x1003fef0     0xfa  rtl8195a_rf6052.o [17]
      .wlan.text          ro code  0x1003ffec    0x4f4  HalPhyRf.o [17]
      .wlan.text          ro code  0x100404e0    0x3ac  freertos_recv.o [17]
      .wlan.text          ro code  0x1004088c    0x1aa  rtl8195a_pmu_cmd.o [17]
      Veneer              ro code  0x10040a38      0x8  - Linker created -
      Veneer              ro code  0x10040a40      0x8  - Linker created -
      Veneer              ro code  0x10040a48      0x8  - Linker created -
      .wlan.text          ro code  0x10040a50     0x84  phydm_CfoTracking.o [17]
      .wlan.text          ro code  0x10040ad4    0x1e4  phydm_PowerTracking.o [17]
      .wlan.text          ro code  0x10040cb8     0x14  phydm_debug.o [17]
      .wlan.text          ro code  0x10040ccc    0x220  halhwimg8195a_rf.o [17]
      .wlan.text          ro code  0x10040eec    0x164  halhwimg8195a_mac.o [17]
      .wlan.text          ro code  0x10041050    0x970  rtw_promisc.o [17]
      Veneer              ro code  0x100419c0      0x8  - Linker created -
      Veneer              ro code  0x100419c8      0x8  - Linker created -
      Veneer              ro code  0x100419d0      0x8  - Linker created -
      .wlan.text          ro code  0x100419d8   0x1346  wifi_simple_config_parser.o [17]
      .wlan.text          ro code  0x10042d1e      0x2  wifi_simple_config_parser.o [17]
      .wlan.text          ro code  0x10042d20    0x124  lxbus_hci_intf.o [17]
      .wlan.text          ro code  0x10042e44     0x48  lxbus_intf.o [17]
      .wlan.text          ro code  0x10042e8c     0x7c  freertos_isr.o [17]
      CODE                ro code  0x10042f08     0x94  portasm.o [2]
      __DLIB_PERTHREAD    rw data  0x10042f9c     0x8c  rand.o [4]
      __DLIB_PERTHREAD    rw data  0x10043028      0x4  errno.o [4]
    .ram.data                      0x1004302c   0x1d64  <Block>
      .data               rw data  0x1004302c     0xa0  atcmd_sys.o [2]
      .data               rw data  0x100430cc     0x38  atcmd_wifi.o [2]
      .data               rw data  0x10043104      0x4  atcmd_wifi.o [2]
      .data               rw data  0x10043108    0x1b0  atcmd_wifi.o [2]
      .data               rw data  0x100432b8     0x60  dhcps.o [2]
      .data               rw data  0x10043318      0x4  freertos_service.o [2]
      .data               rw data  0x1004331c     0x3c  heap_5.o [2]
      .data               rw data  0x10043358     0x84  log_service.o [2]
      .data               rw data  0x100433dc     0x20  log_service.o [2]
      .data               rw data  0x100433fc      0x4  port.o [2]
      .data               rw data  0x10043400      0x4  system_8195a.o [2]
      .data               rw data  0x10043404     0x9c  tasks.o [2]
      .data               rw data  0x100434a0     0x20  tcp.o [2]
      .data               rw data  0x100434c0      0x8  udp.o [2]
      .data               rw data  0x100434c8      0xc  wifi_conf.o [2]
      .data               rw data  0x100434d4     0x68  wifi_simple_config.o [2]
      .data               rw data  0x1004353c     0x5c  wifi_simple_config.o [2]
      .data               rw data  0x10043598     0x3c  freertos_pmu_8195a.o [11]
      .data               rw data  0x100435d4      0x2  tcp.o [2]
      .wlan.data          rw data  0x100435d8     0x70  rtw_mlme_ext.o [17]
      .wlan.data          rw data  0x10043648      0x8  rtw_psk.o [17]
      .wlan.data          rw data  0x10043650      0x4  freertos_skbuff.o [17]
      .wlan.data          rw data  0x10043654      0x4  freertos_skbuff.o [17]
      .wlan.data          rw data  0x10043658      0x4  rtw_ap.o [17]
      .wlan.data          rw data  0x1004365c    0x148  wifi_simple_config_parser.o [17]
      .wlan.data          rw data  0x100437a4      0x8  wifi_simple_config_parser.o [17]
      .wlan.data          rw data  0x100437ac      0x4  rtw_debug.o [17]
      .wlan.data          rw data  0x100437b0      0x4  rtw_xmit.o [17]
      .wlan.data          rw data  0x100437b4      0x4  rtw_xmit.o [17]
      .wlan.data          rw data  0x100437b8     0x40  Hal8195ARateAdaptive.o [17]
      .wlan.data          rw data  0x100437f8     0x40  Hal8195ARateAdaptive.o [17]
      .wlan.data          rw data  0x10043838     0x14  Hal8195ARateAdaptive.o [17]
      .wlan.data          rw data  0x1004384c    0x210  halhwimg8195a_bb.o [17]
      .wlan.data          rw data  0x10043a5c    0x678  halhwimg8195a_bb.o [17]
      .wlan.data          rw data  0x100440d4     0x90  halhwimg8195a_bb.o [17]
      .wlan.data          rw data  0x10044164     0xa0  Hal8195APwrSeq.o [17]
      .wlan.data          rw data  0x10044204     0xa0  Hal8195APwrSeq.o [17]
      .wlan.data          rw data  0x100442a4    0x308  halhwimg8195a_mac.o [17]
      .wlan.data          rw data  0x100445ac    0x5c8  halhwimg8195a_rf.o [17]
      .wlan.data          rw data  0x10044b74     0x80  halhwimg8195a_rf.o [17]
      .wlan.data          rw data  0x10044bf4     0x80  halhwimg8195a_rf.o [17]
      .wlan.data          rw data  0x10044c74     0x80  halhwimg8195a_rf.o [17]
      .wlan.data          rw data  0x10044cf4     0x40  halhwimg8195a_rf.o [17]
      .wlan.data          rw data  0x10044d34      0x4  freertos_intfs.o [17]
      .wlan.data          rw data  0x10044d38      0x1  freertos_ioctl.o [17]
      .iar.init_table     const    0x10044d3c     0x54  - Linker created -
  .ram.bss                         0x10044da0   0x79a8  <Block>
    .bss                  zero     0x10044da0    0x500  hal_crypto.o [11]
    .bss                  zero     0x100452a0     0x78  atcmd_wifi.o [2]
    .bss                  zero     0x10045318      0x4  atcmd_wifi.o [2]
    .bss                  zero     0x1004531c     0x14  device_lock.o [2]
    .bss                  zero     0x10045330     0x34  dhcp.o [2]
    .bss                  zero     0x10045364      0x4  dhcp.o [2]
    .bss                  zero     0x10045368    0x620  dhcps.o [2]
    .bss                  zero     0x10045988    0x224  dns.o [2]
    .bss                  zero     0x10045bac    0x440  dns.o [2]
    .bss                  zero     0x10045fec     0x30  dns.o [2]
    .bss                  zero     0x1004601c     0xc8  etharp.o [2]
    .bss                  zero     0x100460e4      0x4  etharp.o [2]
    .bss                  zero     0x100460e8      0x4  ethernetif.o [2]
    .bss                  zero     0x100460ec      0x4  example_wlan_fast_connect.o [2]
    .bss                  zero     0x100460f0     0x10  flash_api.o [2]
    .bss                  zero     0x10046100      0x4  freertos_service.o [2]
    .bss                  zero     0x10046104    0x12c  hal_gpio.o [2]
    .bss                  zero     0x10046230      0xc  igmp.o [2]
    .bss                  zero     0x1004623c     0x10  ip.o [2]
    .bss                  zero     0x1004624c     0x10  ip_addr.o [2]
    .bss                  zero     0x1004625c      0x8  ip_frag.o [2]
    .bss                  zero     0x10046264    0x100  log_service.o [2]
    .bss                  zero     0x10046364     0x10  low_level_io.o [2]
    .bss                  zero     0x10046374     0x7c  lwip_netconf.o [2]
    .bss                  zero     0x100463f0      0x4  lwip_timers.o [2]
    .bss                  zero     0x100463f4      0x4  lwip_timers.o [2]
    .bss                  zero     0x100463f8     0x28  netdb.o [2]
    .bss                  zero     0x10046420      0xc  netif.o [2]
    .bss                  zero     0x1004642c      0x4  osdep_service.o [2]
    .bss                  zero     0x10046430     0x10  ota_8195a.o [2]
    .bss                  zero     0x10046440     0x70  ping_test.o [2]
    .bss                  zero     0x100464b0      0xc  port.o [2]
[...]
tkip_phase1             0x000145a5   0x180  Code  Gb  rom.o [21]
tkip_phase2             0x00014725   0x21a  Code  Gb  rom.o [21]
tkip_send_mic_failure_report
                        0x10030bfb   0x15c  Code  Gb  rtw_psk.o [17]
traffic_status_watchdog
                        0x10024597    0x88  Code  Lc  rtw_cmd.o [17]
tx_beacon_hdl           0x1002ba67    0xa0  Code  Gb  rtw_mlme_ext.o [17]
ucHeap                  0x10060ee8  0xf000  Data  Lc  heap_5.o [2]
ucIdleTaskHeap          0x1006fee8   0x118  Data  Lc  tasks.o [2]
udp_bcast               0x1004372c    0x3c  Data  Gb  wifi_simple_config_parser.o [17]
udp_bcast_pin           0x10043768    0x3c  Data  Gb  wifi_simple_config_parser.o [17]
udp_bind                0x1000ba8d    0x8c  Code  Gb  udp.o [2]
udp_connect             0x1000bb19    0x46  Code  Gb  udp.o [2]
udp_disconnect          0x1000bb5f    0x10  Code  Gb  udp.o [2]
udp_init                0x1000b7b5     0x2  Code  Gb  udp.o [2]
udp_input               0x1000b7b7   0x1a4  Code  Gb  udp.o [2]
udp_mcast               0x100436b4    0x3c  Data  Gb  wifi_simple_config_parser.o [17]
udp_mcast_pin           0x100436f0    0x3c  Data  Gb  wifi_simple_config_parser.o [17]
udp_new                 0x1000bba9    0x1c  Code  Gb  udp.o [2]
udp_pcbs                0x100434c4     0x4  Data  Gb  udp.o [2]
udp_port                0x100434c0     0x2  Data  Lc  udp.o [2]
udp_recv                0x1000bb6f     0x6  Code  Gb  udp.o [2]
udp_remove              0x1000bb75    0x28  Code  Gb  udp.o [2]
udp_send                0x1000b95b     0x4  Code  Gb  udp.o [2]
udp_sendto              0x1000b95f    0x36  Code  Gb  udp.o [2]
udp_sendto_if           0x1000b995    0xf8  Code  Gb  udp.o [2]
ulPortSetInterruptMask  0x10042f47          Code  Gb  portasm.o [2]
ulStoppedTimerCompensation
                        0x100464b8     0x4  Data  Lc  port.o [2]
ulTimerCountsForOneTick
                        0x100464b0     0x4  Data  Lc  port.o [2]
up_sema_from_isr        0x100464d8     0x4  Data  Lc  rtl_consol.o [2]
update_BCNTIM           0x10025df3   0x11e  Code  Lc  rtw_ap.o [17]
update_IOT_info         0x1002ee5f    0x36  Code  Gb  rtw_wlan_util.o [17]
update_MCS_rate         0x1002eceb     0xc  Code  Gb  rtw_wlan_util.o [17]
update_TSF              0x1002efdb     0xa  Code  Gb  rtw_wlan_util.o [17]
update_attrib           0x1003a445   0x308  Code  Lc  rtw_xmit.o [17]
update_basic_rate       0x1002ec8b    0x2e  Code  Gb  rtw_wlan_util.o [17]
update_bcn_vendor_spec_ie
                        0x10026b1d    0x48  Code  Lc  rtw_ap.o [17]
update_bcn_wps_ie       0x10026a4f    0xce  Code  Lc  rtw_ap.o [17]
update_beacon           0x10026b85    0xa4  Code  Gb  rtw_ap.o [17]
update_beacon_info      0x1002eb5b    0x5a  Code  Gb  rtw_wlan_util.o [17]
update_bmc_sta          0x1002631d    0xe0  Code  Lc  rtw_ap.o [17]
update_bmc_sta_support_rate
                        0x1002efb9    0x22  Code  Gb  rtw_wlan_util.o [17]
update_capinfo          0x1002ee95    0x76  Code  Gb  rtw_wlan_util.o [17]
update_hidden_ssid      0x10028add    0x4a  Code  Gb  rtw_mlme_ext.o [17]
update_mgnt_tx_rate     0x100289b1     0x6  Code  Gb  rtw_mlme_ext.o [17]
update_mgntframe_attrib
                        0x100289b7    0x5a  Code  Gb  rtw_mlme_ext.o [17]
update_network          0x1002c4df    0xaa  Code  Gb  rtw_mlme.o [17]
update_ota_checksum     0x1001bf9d    0x7c  Code  Gb  ota_8195a.o [2]
update_ota_connect_server
                        0x1001bdef    0x4e  Code  Gb  ota_8195a.o [2]
update_ota_erase_upg_region
                        0x1001bf29    0x74  Code  Gb  ota_8195a.o [2]
update_ota_local        0x1001c223    0x80  Code  Gb  ota_8195a.o [2]
update_ota_local_task   0x1001c025   0x1fe  Code  Lc  ota_8195a.o [2]
update_ota_prepare_addr
                        0x1001be3d    0xe6  Code  Gb  ota_8195a.o [2]
update_sta_info         0x1002ae89    0x72  Code  Gb  rtw_mlme_ext.o [17]
update_sta_info_apmode  0x10026407    0xa6  Code  Gb  rtw_ap.o [17]
update_supported_rate   0x1002ecbf    0x2c  Code  Gb  rtw_wlan_util.o [17]
update_tx_basic_rate    0x1002ed45    0x50  Code  Gb  rtw_wlan_util.o [17]
update_wireless_mode    0x1002ef0b    0x98  Code  Gb  rtw_wlan_util.o [17]
us_ticker_read          0x1001387d    0x24  Code  Gb  us_ticker.o [2]
use_ios7_mac            0x100437ab     0x1  Data  Lc  wifi_simple_config_parser.o [17]
uxCriticalNesting       0x100433fc     0x4  Data  Lc  port.o [2]
uxCurrentNumberOfTasks  0x10043450     0x4  Data  Lc  tasks.o [2]
uxListRemove            0x1000f6bf    0x24  Code  Gb  list.o [2]
uxPendedTicks           0x10043460     0x4  Data  Lc  tasks.o [2]
uxQueueMessagesWaiting  0x1000d30f     0xa  Code  Gb  queue.o [2]
uxSavedInterruptStatus  0x10046100     0x4  Data  Lc  freertos_service.o [2]
uxSchedulerSuspended    0x10043474     0x4  Data  Lc  tasks.o [2]
uxTaskNumber            0x1004346c     0x4  Data  Lc  tasks.o [2]
uxTaskPriorityGet       0x1000d623    0x14  Code  Gb  tasks.o [2]
uxTasksDeleted          0x10043438     0x4  Data  Lc  tasks.o [2]
uxTopReadyPriority      0x10043458     0x4  Data  Lc  tasks.o [2]
vApplicationIdleHook    0x1000ded9     0x2  Code  Gb  port.o [2]
vApplicationStackOverflowHook
                        0x1000dedb    0x12  Code  Gb  port.o [2]
vListInitialise         0x1000f655    0x1a  Code  Gb  list.o [2]
vListInitialiseItem     0x1000f66f     0x6  Code  Gb  list.o [2]
vListInsert             0x1000f68d    0x32  Code  Gb  list.o [2]
vListInsertEnd          0x1000f675    0x18  Code  Gb  list.o [2]
vPortClearInterruptMask
                        0x10042f55          Code  Gb  portasm.o [2]
vPortDefineHeapRegions  0x1000f823    0x60  Code  Gb  heap_5.o [2]
vPortEnterCritical      0x1000dd79    0x18  Code  Gb  port.o [2]
vPortExitCritical       0x1000dd91    0x12  Code  Gb  port.o [2]
vPortFree               0x1000f7bd    0x1a  Code  Gb  heap_5.o [2]
vPortSVCHandler         0x10042f5b          Code  Gb  portasm.o [2]
vPortSetExtFree         0x1000f7b3     0xa  Code  Gb  heap_5.o [2]
vPortSetupTimerInterrupt
                        0x1000de97    0x26  Code  Wk  port.o [2]
vPortStartFirstTask     0x10042f7b          Code  Gb  portasm.o [2]
vPortSuppressTicksAndSleep
                        0x1000ddc1    0xcc  Code  Wk  port.o [2]
vPortYield              0x1000dd67    0x12  Code  Gb  port.o [2]
vQueueDelete            0x1000d321    0x16  Code  Gb  queue.o [2]
vQueueWaitForMessageRestricted
                        0x1000d43f    0x3c  Code  Gb  queue.o [2]
vTaskDelay              0x1000d5df    0x2c  Code  Gb  tasks.o [2]
vTaskDelete             0x1000d595    0x4a  Code  Gb  tasks.o [2]
vTaskGetCurrentTCB      0x1000dceb     0x2  Code  Gb  tasks.o [2]
vTaskMissedYield        0x1000dab1     0x8  Code  Gb  tasks.o [2]
vTaskPlaceOnEventList   0x1000d981    0x18  Code  Gb  tasks.o [2]
vTaskPlaceOnEventListRestricted
                        0x1000d9d5    0x24  Code  Gb  tasks.o [2]
vTaskPriorityInherit    0x1000dbef    0x80  Code  Gb  tasks.o [2]
vTaskPrioritySet        0x1000d637    0xa0  Code  Gb  tasks.o [2]
vTaskSetTimeOutState    0x1000da61     0xc  Code  Gb  tasks.o [2]
vTaskStartScheduler     0x1000d719    0x4e  Code  Gb  tasks.o [2]
vTaskStepTick           0x1000d853     0xc  Code  Gb  tasks.o [2]
vTaskSuspendAll         0x1000d767     0xc  Code  Gb  tasks.o [2]
vTaskSwitchContext      0x1000d90f    0x66  Code  Gb  tasks.o [2]
vWFSSVCHandler          0x10014453     0x2  Code  Gb  hal_soc_ps_monitor.o [11]
validate_recv_ctrl_frame
                        0x1003c167   0x150  Code  Gb  rtw_recv.o [17]
validate_recv_data_frame
                        0x1003c2fd   0x1e2  Code  Gb  rtw_recv.o [17]
validate_recv_frame     0x1003c50b    0xb6  Code  Gb  rtw_recv.o [17]
validate_recv_mgnt_frame
                        0x1003c2c1    0x3a  Code  Gb  rtw_recv.o [17]
wakelock                0x100435c0     0x4  Data  Lc  freertos_pmu_8195a.o [11]
wakeup_event            0x100435c4     0x4  Data  Lc  freertos_pmu_8195a.o [11]
wakeup_sta_to_xmit      0x1003b375   0x1ba  Code  Gb  rtw_xmit.o [17]
wep_80211_decrypt       0x000142f5    0x92  Code  Gb  rom.o [21]
wep_80211_encrypt       0x00014295    0x60  Code  Gb  rom.o [21]
wext_del_station        0x10015f01     0x4  Code  Gb  wifi_util.o [2]
wext_disable_powersave  0x10015871    0x4a  Code  Gb  wifi_util.o [2]
wext_enable_powersave   0x10015825    0x4c  Code  Gb  wifi_util.o [2]
wext_get_auto_chl       0x10015ed5    0x2c  Code  Gb  wifi_util.o [2]
wext_get_channel        0x10015b59    0x2e  Code  Gb  wifi_util.o [2]
wext_get_enc_ext        0x100156f1    0x6c  Code  Gb  wifi_util.o [2]
wext_get_lps_dtim       0x1001595d    0x60  Code  Gb  wifi_util.o [2]
wext_get_mode           0x10015a17    0x2c  Code  Gb  wifi_util.o [2]
wext_get_passphrase     0x100157f3    0x32  Code  Gb  wifi_util.o [2]
wext_get_rssi           0x10015a6d    0x2e  Code  Gb  wifi_util.o [2]
wext_get_scan           0x10015bcf    0x2e  Code  Gb  wifi_util.o [2]
wext_get_ssid           0x10015405    0x4c  Code  Gb  wifi_util.o [2]
wext_private_command    0x10015c05    0xe2  Code  Gb  wifi_util.o [2]
wext_set_adaptivity     0x10015eb1    0x1e  Code  Gb  wifi_util.o [2]
wext_set_ap_ssid        0x10015a43    0x2a  Code  Gb  wifi_util.o [2]
wext_set_auth_param     0x10015567    0x32  Code  Gb  wifi_util.o [2]
wext_set_autoreconnect  0x10015e2d    0x4e  Code  Gb  wifi_util.o [2]
wext_set_bssid          0x100154d1    0x4e  Code  Gb  wifi_util.o [2]
wext_set_channel        0x10015b29    0x30  Code  Gb  wifi_util.o [2]
wext_set_key_ext        0x100155cd    0xfc  Code  Gb  wifi_util.o [2]
wext_set_lps_dtim       0x10015921    0x34  Code  Gb  wifi_util.o [2]
wext_set_mode           0x100159e1    0x28  Code  Gb  wifi_util.o [2]
wext_set_passphrase     0x1001577d    0x2c  Code  Gb  wifi_util.o [2]
wext_set_pscan_channel  0x10015a9b    0x86  Code  Gb  wifi_util.o [2]
wext_set_scan           0x10015b87    0x32  Code  Gb  wifi_util.o [2]
wext_set_ssid           0x10015485    0x2e  Code  Gb  wifi_util.o [2]
wext_set_tdma_param     0x100158bb    0x4e  Code  Gb  wifi_util.o [2]
wext_wlan_indicate      0x10015cfd   0x106  Code  Gb  wifi_util.o [2]
whc_fix_channel         0x10042d1d     0x2  Code  Wk  wifi_simple_config_parser.o [17]
whc_unfix_channel       0x10042d1f     0x2  Code  Wk  wifi_simple_config_parser.o [17]
wifi                    0x100430cc    0x38  Data  Lc  atcmd_wifi.o [2]
wifi_ap_sta_assoc_hdl   0x100186e1     0x2  Code  Lc  wifi_conf.o [2]
wifi_ap_sta_disassoc_hdl
                        0x100186e3     0x2  Code  Lc  wifi_conf.o [2]
wifi_autoreconnect_hdl  0x10018eb5    0x32  Code  Gb  wifi_conf.o [2]
wifi_autoreconnect_thread
                        0x10018e49    0x68  Code  Lc  wifi_conf.o [2]
wifi_config_autoreconnect
                        0x10018ee7    0x1a  Code  Gb  wifi_conf.o [2]
wifi_connect            0x10017f89   0x246  Code  Gb  wifi_conf.o [2]
wifi_connect_bssid      0x10018221   0x194  Code  Gb  wifi_conf.o [2]
wifi_connect_bssid_local
                        0x10017bbd   0x116  Code  Lc  wifi_conf.o [2]
wifi_connect_local      0x10017ad1    0xe2  Code  Lc  wifi_conf.o [2]
wifi_connected_hdl      0x10017d69    0x32  Code  Lc  wifi_conf.o [2]
wifi_disable_powersave  0x10018449     0x6  Code  Gb  wifi_conf.o [2]
wifi_disconn_hdl        0x10017db1    0x60  Code  Lc  wifi_conf.o [2]
wifi_disconnect         0x100183e5    0x2a  Code  Gb  wifi_conf.o [2]
wifi_enter_promisc_mode
                        0x10018deb    0x4c  Code  Gb  wifi_conf.o [2]
wifi_get_associated_client_list
                        0x1001844f    0x36  Code  Gb  wifi_conf.o [2]
wifi_get_lps_dtim       0x100186d7     0xa  Code  Gb  wifi_conf.o [2]
wifi_get_rssi           0x100184af     0x8  Code  Gb  wifi_conf.o [2]
wifi_get_setting        0x10018c87    0xac  Code  Gb  wifi_conf.o [2]
wifi_handshake_done_hdl
                        0x10017d9b    0x16  Code  Lc  wifi_conf.o [2]
wifi_indication         0x10017a1d    0x3a  Code  Gb  wifi_ind.o [2]
wifi_init_packet_filter
                        0x10018f69     0x4  Code  Gb  wifi_conf.o [2]
wifi_mac_hash           0x1003114d    0x2a  Code  Lc  rtw_sta_mgt.o [17]
wifi_mode               0x10043104     0x4  Data  Gb  atcmd_wifi.o [2]
wifi_no_network_hdl     0x10017d5b     0xe  Code  Lc  wifi_conf.o [2]
wifi_off                0x1001862d    0x80  Code  Gb  wifi_conf.o [2]
wifi_on                 0x100184d5    0xd2  Code  Gb  wifi_conf.o [2]
wifi_reg_event_handler  0x10017a57    0x3a  Code  Gb  wifi_ind.o [2]
wifi_rx_beacon_hdl      0x10017d59     0x2  Code  Gb  wifi_conf.o [2]
wifi_scan               0x100189c9    0x78  Code  Gb  wifi_conf.o [2]
wifi_scan_done_hdl      0x10018955    0x68  Code  Gb  wifi_conf.o [2]
wifi_scan_each_report_hdl
                        0x100187fd   0x154  Code  Gb  wifi_conf.o [2]
wifi_scan_networks      0x10018bbd    0xb0  Code  Gb  wifi_conf.o [2]
wifi_scan_networks_with_ssid
                        0x10018a49   0x16e  Code  Gb  wifi_conf.o [2]
wifi_set_ap_polling_sta
                        0x10018f0d    0x16  Code  Gb  wifi_conf.o [2]
wifi_set_autoreconnect  0x10018f01     0xc  Code  Gb  wifi_conf.o [2]
wifi_set_channel        0x100184b7     0x8  Code  Gb  wifi_conf.o [2]
wifi_set_country_code   0x100184d3     0x2  Code  Wk  wifi_conf.o [2]
wifi_set_lps_dtim       0x100186cd     0xa  Code  Gb  wifi_conf.o [2]
wifi_set_mib            0x100184cd     0x6  Code  Wk  wifi_conf.o [2]
wifi_set_power_mode     0x100186ad     0x4  Code  Gb  wifi_conf.o [2]
wifi_set_promisc        0x10018de7     0x4  Code  Gb  wifi_conf.o [2]
wifi_set_pscan_chan     0x10018c75    0x12  Code  Gb  wifi_conf.o [2]
wifi_set_tdma_param     0x100186b9    0x14  Code  Gb  wifi_conf.o [2]
wifi_show_setting       0x10018d33    0xa6  Code  Gb  wifi_conf.o [2]
wifi_start_ap           0x100186e5    0x7e  Code  Gb  wifi_conf.o [2]
wifi_unreg_event_handler
                        0x10017a91    0x30  Code  Gb  wifi_ind.o [2]
wifirate2_ratetbl_inx   0x1002ec2b    0x60  Code  Gb  rtw_wlan_util.o [17]
wireless_send_event     0x10020ccf     0xa  Code  Gb  freertos_ioctl.o [17]
wlan_init_done_callback
                        0x1001e0ab   0x15e  Code  Gb  example_wlan_fast_connect.o [2]
wlan_network            0x1001eb95    0x3a  Code  Gb  wlan_network.o [2]
wlan_wrtie_reconnect_data_to_flash
                        0x1001e049    0x62  Code  Gb  example_wlan_fast_connect.o [2]
wlancmds                0x10024b00   0x1f8  Data  Gb  rtw_cmd.o [17]
wlanevents              0x1002be6c    0xc0  Data  Lc  rtw_mlme_ext.o [17]
wlanhdr_to_ethhdr       0x1003c5c1   0x114  Code  Gb  rtw_recv.o [17]
wpa_global_PSK          0x10046c64    0x50  Data  Gb  rtw_psk.o [17]
wpa_set_encryption      0x10020e9b   0x170  Code  Lc  freertos_ioctl.o [17]
wpa_set_encryption::__FUNCTION__
                        0x10021010    0x14  Data  Lc  freertos_ioctl.o [17]
wps_oui                 0x00035440     0x4  Data  Lc  rom.o [21]
wrapper_skbbuf_list     0x1004716c     0x8  Data  Lc  freertos_skbuff.o [17]
write_cam               0x1002e60b    0x6a  Code  Gb  rtw_wlan_util.o [17]
write_ota_addr_to_system_data
                        0x1001bd45    0xa0  Code  Gb  ota_8195a.o [2]
xActiveTimerList1       0x10046710    0x14  Data  Lc  timers.o [2]
xActiveTimerList2       0x10046724    0x14  Data  Lc  timers.o [2]
xBlockAllocatedBit      0x10043330     0x4  Data  Lc  heap_5.o [2]
xDelayedTaskList1       0x10043478    0x14  Data  Lc  tasks.o [2]
xDelayedTaskList2       0x1004348c    0x14  Data  Lc  tasks.o [2]
xFreeBytesRemaining     0x10043328     0x4  Data  Lc  heap_5.o [2]
xHeapRegions            0x10043340    0x18  Data  Gb  heap_5.o [2]
xMaximumPossibleSuppressedTicks
                        0x100464b4     0x4  Data  Lc  port.o [2]
xMinimumEverFreeBytesRemaining
                        0x1004332c     0x4  Data  Lc  heap_5.o [2]
xNextTaskUnblockTime    0x10043470     0x4  Data  Lc  tasks.o [2]
xNumOfOverflows         0x10043468     0x4  Data  Lc  tasks.o [2]
xPendingReadyList       0x10043404    0x14  Data  Lc  tasks.o [2]
xPortGetFreeHeapSize    0x1000f7d7     0x6  Code  Gb  heap_5.o [2]
xPortPendSVHandler      0x10042f09          Code  Gb  portasm.o [2]
xPortStartScheduler     0x1000dd41    0x26  Code  Gb  port.o [2]
xPortSysTickHandler     0x1000dda3    0x1e  Code  Gb  port.o [2]
xQueueCreateCountingSemaphore
                        0x1000d0bf    0x12  Code  Gb  queue.o [2]
xQueueCreateMutex       0x1000d075    0x40  Code  Gb  queue.o [2]
xQueueGenericCreate     0x1000d039    0x3c  Code  Gb  queue.o [2]
xQueueGenericReceive    0x1000d201    0xfa  Code  Gb  queue.o [2]
xQueueGenericReset      0x1000cfd9    0x60  Code  Gb  queue.o [2]
xQueueGenericSend       0x1000d0d1    0xc4  Code  Gb  queue.o [2]
xQueueGenericSendFromISR
                        0x1000d195    0x6c  Code  Gb  queue.o [2]
xSchedulerRunning       0x1004345c     0x4  Data  Lc  tasks.o [2]
xStart                  0x1004331c     0x8  Data  Lc  heap_5.o [2]
xSuspendedTaskList      0x1004343c    0x14  Data  Lc  tasks.o [2]
xTaskCheckForTimeOut    0x1000da6d    0x3c  Code  Gb  tasks.o [2]
xTaskGenericCreate      0x1000d47d   0x118  Code  Gb  tasks.o [2]
xTaskGetSchedulerState  0x1000dbd9    0x16  Code  Gb  tasks.o [2]
xTaskGetTickCount       0x1000d81f     0xc  Code  Gb  tasks.o [2]
xTaskGetTickCountFromISR
                        0x1000d833    0x14  Code  Gb  tasks.o [2]
xTaskIncrementTick      0x1000d85f    0xb0  Code  Gb  tasks.o [2]
xTaskPriorityDisinherit
                        0x1000dc6f    0x6a  Code  Gb  tasks.o [2]
xTaskRemoveFromEventList
                        0x1000da03    0x38  Code  Gb  tasks.o [2]
xTaskResumeAll          0x1000d793    0x8c  Code  Gb  tasks.o [2]
xTasksWaitingTermination
                        0x10043418    0x14  Data  Lc  tasks.o [2]
xTickCount              0x10043454     0x4  Data  Lc  tasks.o [2]
xTimerCreate            0x1000f8bf    0x3a  Code  Gb  timers.o [2]
xTimerCreateTimerTask   0x1000f889    0x36  Code  Gb  timers.o [2]
xTimerGenericCommand    0x1000f8f9    0x98  Code  Gb  timers.o [2]
xTimerIsTimerActive     0x1000fbab    0x1a  Code  Gb  timers.o [2]
xTimerQueue             0x10046704     0x4  Data  Lc  timers.o [2]
xTimerTaskHandle        0x10046708     0x4  Data  Lc  timers.o [2]
xYieldPending           0x10043464     0x4  Data  Lc  tasks.o [2]
xmit_delivery_enabled_frames
                        0x1003b557    0xf6  Code  Gb  rtw_xmit.o [17]
xmitframe_addmic        0x1003a753   0x17e  Code  Gb  rtw_xmit.o [17]
xmitframe_enqueue_for_sleeping_sta
                        0x1003b0b5   0x17e  Code  Gb  rtw_xmit.o [17]
xmitframe_swencrypt     0x1003a8d7    0x2c  Code  Gb  rtw_xmit.o [17]
xnetif                  0x10046374    0x78  Data  Gb  lwip_netconf.o [2]
z1                      0x10000374     0x4  Data  Lc  rom.o [21]
z2                      0x10000378     0x4  Data  Lc  rom.o [21]
z3                      0x1000037c     0x4  Data  Lc  rom.o [21]
z4                      0x10000380     0x4  Data  Lc  rom.o [21]
zero_bssid              0x100419b8     0x8  Data  Gb  rtw_promisc.o [17]
zeroes                  0x0003ec14    0x10  Data  Lc  rom.o [21]


[1] = E:\Lock-GW\00007829-sdk-ameba-v4.0a\sdk-ameba-v4.0a\sdk-ameba-v4.0a\project\realtek_ameba1_va0_example\EWARM-RELEASE\..\..\..\component\soc\realtek\8195a\misc\bsp\image
[2] = E:\Lock-GW\00007829-sdk-ameba-v4.0a\sdk-ameba-v4.0a\sdk-ameba-v4.0a\project\realtek_ameba1_va0_example\EWARM-RELEASE\Debug\Obj
[3] = command line
[4] = dl7M_tln.a
[5] = lib_codec.a
[6] = lib_googlenest.a
[7] = lib_http.a
[8] = lib_mdns.a
[9] = lib_mmf.a
[10] = lib_muxer.a
[11] = lib_platform.a
[12] = lib_rtlstd.a
[13] = lib_rtsp.a
[14] = lib_sdcard.a
[15] = lib_usbd.a
[16] = lib_websocket.a
[17] = lib_wlan.a
[18] = lib_wps.a
[19] = lib_xmodem.a
[20] = m7M_tl.a
[21] = rom.a
[22] = rt7M_tl.a

  241 360 bytes of readonly  code memory
  276 520 bytes of readwrite code memory
   23 371 bytes of readonly  data memory
  166 001 bytes of readwrite data memory

Errors: none
Warnings: none
